Archive member included to satisfy reference by file (symbol)

C:\Users\Julien\Dropbox\Cegep3Annee\3DPrinterProject\workPlaceCode\lpc_board_nxp_lpcxpresso_1769\Debug\liblpc_board_nxp_lpcxpresso_1769.a(board.o)
                              ./src/anotherTestC.o (Board_LED_Set)
C:\Users\Julien\Dropbox\Cegep3Annee\3DPrinterProject\workPlaceCode\lpc_board_nxp_lpcxpresso_1769\Debug\liblpc_board_nxp_lpcxpresso_1769.a(board_sysinit.o)
                              ./src/sysinit.o (Board_SystemInit)
C:\Users\Julien\Dropbox\Cegep3Annee\3DPrinterProject\workPlaceCode\lpc_chip_175x_6x\Debug\liblpc_chip_175x_6x.a(chip_17xx_40xx.o)
                              ./src/anotherTestC.o (SystemCoreClockUpdate)
C:\Users\Julien\Dropbox\Cegep3Annee\3DPrinterProject\workPlaceCode\lpc_chip_175x_6x\Debug\liblpc_chip_175x_6x.a(clock_17xx_40xx.o)
                              C:\Users\Julien\Dropbox\Cegep3Annee\3DPrinterProject\workPlaceCode\lpc_chip_175x_6x\Debug\liblpc_chip_175x_6x.a(chip_17xx_40xx.o) (Chip_Clock_EnablePLL)
C:\Users\Julien\Dropbox\Cegep3Annee\3DPrinterProject\workPlaceCode\lpc_chip_175x_6x\Debug\liblpc_chip_175x_6x.a(i2s_17xx_40xx.o)
                              C:\Users\Julien\Dropbox\Cegep3Annee\3DPrinterProject\workPlaceCode\lpc_board_nxp_lpcxpresso_1769\Debug\liblpc_board_nxp_lpcxpresso_1769.a(board.o) (Chip_I2S_Init)
C:\Users\Julien\Dropbox\Cegep3Annee\3DPrinterProject\workPlaceCode\lpc_chip_175x_6x\Debug\liblpc_chip_175x_6x.a(iocon_17xx_40xx.o)
                              C:\Users\Julien\Dropbox\Cegep3Annee\3DPrinterProject\workPlaceCode\lpc_board_nxp_lpcxpresso_1769\Debug\liblpc_board_nxp_lpcxpresso_1769.a(board.o) (Chip_IOCON_PinMux)
C:\Users\Julien\Dropbox\Cegep3Annee\3DPrinterProject\workPlaceCode\lpc_chip_175x_6x\Debug\liblpc_chip_175x_6x.a(sysinit_17xx_40xx.o)
                              C:\Users\Julien\Dropbox\Cegep3Annee\3DPrinterProject\workPlaceCode\lpc_board_nxp_lpcxpresso_1769\Debug\liblpc_board_nxp_lpcxpresso_1769.a(board_sysinit.o) (Chip_SetupXtalClocking)
C:\Users\Julien\Dropbox\Cegep3Annee\3DPrinterProject\workPlaceCode\lpc_chip_175x_6x\Debug\liblpc_chip_175x_6x.a(uart_17xx_40xx.o)
                              C:\Users\Julien\Dropbox\Cegep3Annee\3DPrinterProject\workPlaceCode\lpc_board_nxp_lpcxpresso_1769\Debug\liblpc_board_nxp_lpcxpresso_1769.a(board.o) (Chip_UART_Init)
C:\Users\Julien\Dropbox\Cegep3Annee\3DPrinterProject\workPlaceCode\lpc_chip_175x_6x\Debug\liblpc_chip_175x_6x.a(ring_buffer.o)
                              C:\Users\Julien\Dropbox\Cegep3Annee\3DPrinterProject\workPlaceCode\lpc_chip_175x_6x\Debug\liblpc_chip_175x_6x.a(uart_17xx_40xx.o) (RingBuffer_Insert)
c:/nxp/mcuxpressoide_10.2.1_795/ide/tools/bin/../lib/gcc/arm-none-eabi/7.2.1/../../../../arm-none-eabi/lib/thumb/v7-m\libcr_c.a(memcpy.o)
                              C:\Users\Julien\Dropbox\Cegep3Annee\3DPrinterProject\workPlaceCode\lpc_board_nxp_lpcxpresso_1769\Debug\liblpc_board_nxp_lpcxpresso_1769.a(board.o) (memcpy)
c:/nxp/mcuxpressoide_10.2.1_795/ide/tools/bin/../lib/gcc/arm-none-eabi/7.2.1/../../../../arm-none-eabi/lib/thumb/v7-m\libcr_c.a(__weak__main.o)
                              ./src/cr_startup_lpc175x_6x.o (__main)
c:/nxp/mcuxpressoide_10.2.1_795/ide/tools/bin/../lib/gcc/arm-none-eabi/7.2.1/thumb/v7-m\libcr_eabihelpers.a(division_64.o)
                              C:\Users\Julien\Dropbox\Cegep3Annee\3DPrinterProject\workPlaceCode\lpc_chip_175x_6x\Debug\liblpc_chip_175x_6x.a(i2s_17xx_40xx.o) (__aeabi_uldivmod)
c:/nxp/mcuxpressoide_10.2.1_795/ide/tools/bin/../lib/gcc/arm-none-eabi/7.2.1/thumb/v7-m\libcr_eabihelpers.a(division_idiv0.o)
                              c:/nxp/mcuxpressoide_10.2.1_795/ide/tools/bin/../lib/gcc/arm-none-eabi/7.2.1/thumb/v7-m\libcr_eabihelpers.a(division_64.o) (__aeabi_idiv0)
c:/nxp/mcuxpressoide_10.2.1_795/ide/tools/bin/../lib/gcc/arm-none-eabi/7.2.1/thumb/v7-m\libcr_eabihelpers.a(memcpy.o)
                              c:/nxp/mcuxpressoide_10.2.1_795/ide/tools/bin/../lib/gcc/arm-none-eabi/7.2.1/../../../../arm-none-eabi/lib/thumb/v7-m\libcr_c.a(memcpy.o) (__aeabi_memcpy)

Allocating common symbols
Common symbol       size              file

SystemCoreClock     0x4               C:\Users\Julien\Dropbox\Cegep3Annee\3DPrinterProject\workPlaceCode\lpc_chip_175x_6x\Debug\liblpc_chip_175x_6x.a(chip_17xx_40xx.o)

Discarded input sections

 .group         0x00000000        0xc ./src/anotherTestC.o
 .group         0x00000000        0xc ./src/anotherTestC.o
 .group         0x00000000        0xc ./src/anotherTestC.o
 .group         0x00000000        0xc ./src/anotherTestC.o
 .group         0x00000000        0xc ./src/anotherTestC.o
 .group         0x00000000        0xc ./src/anotherTestC.o
 .group         0x00000000        0xc ./src/anotherTestC.o
 .group         0x00000000        0xc ./src/anotherTestC.o
 .group         0x00000000        0xc ./src/anotherTestC.o
 .group         0x00000000        0xc ./src/anotherTestC.o
 .group         0x00000000        0xc ./src/anotherTestC.o
[...]
Memory Configuration

Name             Origin             Length             Attributes
MFlash512        0x00000000         0x00080000         xr
RamLoc32         0x10000000         0x00008000         xrw
RamAHB32         0x2007c000         0x00008000         xrw
*default*        0x00000000         0xffffffff

Linker script and memory map

LOAD ./src/anotherTestC.o
LOAD ./src/cr_startup_lpc175x_6x.o
LOAD ./src/crp.o
LOAD ./src/sysinit.o
LOAD C:\Users\Julien\Dropbox\Cegep3Annee\3DPrinterProject\workPlaceCode\lpc_board_nxp_lpcxpresso_1769\Debug\liblpc_board_nxp_lpcxpresso_1769.a
LOAD C:\Users\Julien\Dropbox\Cegep3Annee\3DPrinterProject\workPlaceCode\lpc_chip_175x_6x\Debug\liblpc_chip_175x_6x.a
START GROUP
LOAD c:/nxp/mcuxpressoide_10.2.1_795/ide/tools/bin/../lib/gcc/arm-none-eabi/7.2.1/../../../../arm-none-eabi/lib/thumb/v7-m\libcr_c.a
LOAD c:/nxp/mcuxpressoide_10.2.1_795/ide/tools/bin/../lib/gcc/arm-none-eabi/7.2.1/thumb/v7-m\libcr_eabihelpers.a
END GROUP
                0x00000000                __base_MFlash512 = 0x0
                0x00000000                __base_Flash = 0x0
                0x00080000                __top_MFlash512 = 0x80000
                0x00080000                __top_Flash = 0x80000
                0x10000000                __base_RamLoc32 = 0x10000000
                0x10000000                __base_RAM = 0x10000000
                0x10008000                __top_RamLoc32 = 0x10008000
                0x10008000                __top_RAM = 0x10008000
                0x2007c000                __base_RamAHB32 = 0x2007c000
                0x2007c000                __base_RAM2 = 0x2007c000
                0x20084000                __top_RamAHB32 = 0x20084000
                0x20084000                __top_RAM2 = 0x20084000

.text           0x00000000     0x10c4
 FILL mask 0xff
                0x00000000                __vectors_start__ = ABSOLUTE (.)
 *(.isr_vector)
 .isr_vector    0x00000000       0xcc ./src/cr_startup_lpc175x_6x.o
                0x00000000                g_pfnVectors
                0x000000cc                . = ALIGN (0x4)
                0x000000cc                __section_table_start = .
                0x000000cc                __data_section_table = .
                0x000000cc        0x4 LONG 0x10c4 LOADADDR (.data)
                0x000000d0        0x4 LONG 0x10000000 ADDR (.data)
                0x000000d4        0x4 LONG 0x0 SIZEOF (.data)
                0x000000d8        0x4 LONG 0x10c4 LOADADDR (.data_RAM2)
                0x000000dc        0x4 LONG 0x2007c000 ADDR (.data_RAM2)
                0x000000e0        0x4 LONG 0x0 SIZEOF (.data_RAM2)
                0x000000e4                __data_section_table_end = .
                0x000000e4                __bss_section_table = .
                0x000000e4        0x4 LONG 0x10000000 ADDR (.bss)
                0x000000e8        0x4 LONG 0x8 SIZEOF (.bss)
                0x000000ec        0x4 LONG 0x2007c000 ADDR (.bss_RAM2)
                0x000000f0        0x4 LONG 0x0 SIZEOF (.bss_RAM2)
                0x000000f4                __bss_section_table_end = .
                0x000000f4                __section_table_end = .
 *(.after_vectors*)
 .after_vectors
                0x000000f4      0x12c ./src/cr_startup_lpc175x_6x.o
                0x000000f4                data_init
                0x00000136                bss_init
                0x0000016c                ResetISR
                0x000001e4                NMI_Handler
                0x000001ea                HardFault_Handler
                0x000001f0                MemManage_Handler
                0x000001f6                BusFault_Handler
                0x000001fc                UsageFault_Handler
                0x00000202                SVC_Handler
                0x00000208                DebugMon_Handler
                0x0000020e                PendSV_Handler
                0x00000214                SysTick_Handler
                0x0000021a                EINT3_IRQHandler
                0x0000021a                CANActivity_IRQHandler
                0x0000021a                TIMER3_IRQHandler
                0x0000021a                UART0_IRQHandler
                0x0000021a                UART1_IRQHandler
                0x0000021a                EINT2_IRQHandler
                0x0000021a                USBActivity_IRQHandler
                0x0000021a                IntDefaultHandler
                0x0000021a                PLL0_IRQHandler
                0x0000021a                CAN_IRQHandler
                0x0000021a                I2C1_IRQHandler
                0x0000021a                SSP0_IRQHandler
                0x0000021a                I2S_IRQHandler
                0x0000021a                I2C2_IRQHandler
                0x0000021a                RTC_IRQHandler
                0x0000021a                TIMER0_IRQHandler
                0x0000021a                SPI_IRQHandler
                0x0000021a                RIT_IRQHandler
                0x0000021a                EINT1_IRQHandler
                0x0000021a                TIMER1_IRQHandler
                0x0000021a                UART2_IRQHandler
                0x0000021a                ADC_IRQHandler
                0x0000021a                SSP1_IRQHandler
                0x0000021a                USB_IRQHandler
                0x0000021a                BOD_IRQHandler
                0x0000021a                I2C0_IRQHandler
                0x0000021a                WDT_IRQHandler
                0x0000021a                PWM1_IRQHandler
                0x0000021a                QEI_IRQHandler
                0x0000021a                EINT0_IRQHandler
                0x0000021a                ETH_IRQHandler
                0x0000021a                PLL1_IRQHandler
                0x0000021a                DMA_IRQHandler
                0x0000021a                TIMER2_IRQHandler
                0x0000021a                UART3_IRQHandler
                0x0000021a                MCPWM_IRQHandler
                0x000002fc                . = 0x2fc
 *fill*         0x00000220       0xdc ff
                0x000002fc                PROVIDE (__CRP_WORD_START__, .)
 *(.crp)
 .crp           0x000002fc        0x4 ./src/crp.o
                0x000002fc                CRP_WORD
                0x00000300                PROVIDE (__CRP_WORD_END__, .)
                0x00000001                ASSERT (! ((__CRP_WORD_START__ == __CRP_WORD_END__)), Linker CRP Enabled, but no CRP_WORD provided within application)
 *(.text*)
 .text.CoreInit
                0x00000300       0x18 ./src/anotherTestC.o
 .text.flip     0x00000318       0x64 ./src/anotherTestC.o
 .text.main     0x0000037c      0x11c ./src/anotherTestC.o
                0x0000037c                main
 .text.SystemInit
                0x00000498       0x24 ./src/sysinit.o
                0x00000498                SystemInit
 .text.Chip_IOCON_Init
                0x000004bc       0x16 C:\Users\Julien\Dropbox\Cegep3Annee\3DPrinterProject\workPlaceCode\lpc_board_nxp_lpcxpresso_1769\Debug\liblpc_board_nxp_lpcxpresso_1769.a(board.o)
 .text.Chip_GPIO_Init
                0x000004d2       0x16 C:\Users\Julien\Dropbox\Cegep3Annee\3DPrinterProject\workPlaceCode\lpc_board_nxp_lpcxpresso_1769\Debug\liblpc_board_nxp_lpcxpresso_1769.a(board.o)
 .text.Chip_GPIO_SetPinState
                0x000004e8       0x64 C:\Users\Julien\Dropbox\Cegep3Annee\3DPrinterProject\workPlaceCode\lpc_board_nxp_lpcxpresso_1769\Debug\liblpc_board_nxp_lpcxpresso_1769.a(board.o)
 .text.Chip_GPIO_WritePortBit
                0x0000054c       0x2c C:\Users\Julien\Dropbox\Cegep3Annee\3DPrinterProject\workPlaceCode\lpc_board_nxp_lpcxpresso_1769\Debug\liblpc_board_nxp_lpcxpresso_1769.a(board.o)
 .text.Chip_GPIO_SetPinDIROutput
                0x00000578       0x36 C:\Users\Julien\Dropbox\Cegep3Annee\3DPrinterProject\workPlaceCode\lpc_board_nxp_lpcxpresso_1769\Debug\liblpc_board_nxp_lpcxpresso_1769.a(board.o)
 .text.Chip_GPIO_SetPinDIRInput
                0x000005ae       0x3a C:\Users\Julien\Dropbox\Cegep3Annee\3DPrinterProject\workPlaceCode\lpc_board_nxp_lpcxpresso_1769\Debug\liblpc_board_nxp_lpcxpresso_1769.a(board.o)
 .text.Chip_GPIO_SetPinDIR
                0x000005e8       0x42 C:\Users\Julien\Dropbox\Cegep3Annee\3DPrinterProject\workPlaceCode\lpc_board_nxp_lpcxpresso_1769\Debug\liblpc_board_nxp_lpcxpresso_1769.a(board.o)
 .text.Chip_GPIO_WriteDirBit
                0x0000062a       0x2e C:\Users\Julien\Dropbox\Cegep3Annee\3DPrinterProject\workPlaceCode\lpc_board_nxp_lpcxpresso_1769\Debug\liblpc_board_nxp_lpcxpresso_1769.a(board.o)
 .text.Chip_UART_ConfigData
                0x00000658       0x1a C:\Users\Julien\Dropbox\Cegep3Annee\3DPrinterProject\workPlaceCode\lpc_board_nxp_lpcxpresso_1769\Debug\liblpc_board_nxp_lpcxpresso_1769.a(board.o)
 *fill*         0x00000672        0x2 ff
 .text.Board_LED_Init
                0x00000674       0x18 C:\Users\Julien\Dropbox\Cegep3Annee\3DPrinterProject\workPlaceCode\lpc_board_nxp_lpcxpresso_1769\Debug\liblpc_board_nxp_lpcxpresso_1769.a(board.o)
 .text.Board_UART_Init
                0x0000068c       0x12 C:\Users\Julien\Dropbox\Cegep3Annee\3DPrinterProject\workPlaceCode\lpc_board_nxp_lpcxpresso_1769\Debug\liblpc_board_nxp_lpcxpresso_1769.a(board.o)
                0x0000068c                Board_UART_Init
 *fill*         0x0000069e        0x2 ff
 .text.Board_Debug_Init
                0x000006a0       0x30 C:\Users\Julien\Dropbox\Cegep3Annee\3DPrinterProject\workPlaceCode\lpc_board_nxp_lpcxpresso_1769\Debug\liblpc_board_nxp_lpcxpresso_1769.a(board.o)
                0x000006a0                Board_Debug_Init
 .text.Board_LED_Set
                0x000006d0       0x30 C:\Users\Julien\Dropbox\Cegep3Annee\3DPrinterProject\workPlaceCode\lpc_board_nxp_lpcxpresso_1769\Debug\liblpc_board_nxp_lpcxpresso_1769.a(board.o)
                0x000006d0                Board_LED_Set
 .text.Board_Init
                0x00000700       0x24 C:\Users\Julien\Dropbox\Cegep3Annee\3DPrinterProject\workPlaceCode\lpc_board_nxp_lpcxpresso_1769\Debug\liblpc_board_nxp_lpcxpresso_1769.a(board.o)
                0x00000700                Board_Init
 .text.Chip_SYSCTL_SetFLASHAccess
                0x00000724       0x30 C:\Users\Julien\Dropbox\Cegep3Annee\3DPrinterProject\workPlaceCode\lpc_board_nxp_lpcxpresso_1769\Debug\liblpc_board_nxp_lpcxpresso_1769.a(board_sysinit.o)
 .text.Board_SetupMuxing
                0x00000754       0x1c C:\Users\Julien\Dropbox\Cegep3Annee\3DPrinterProject\workPlaceCode\lpc_board_nxp_lpcxpresso_1769\Debug\liblpc_board_nxp_lpcxpresso_1769.a(board_sysinit.o)
                0x00000754                Board_SetupMuxing
 .text.Board_SetupClocking
                0x00000770       0x12 C:\Users\Julien\Dropbox\Cegep3Annee\3DPrinterProject\workPlaceCode\lpc_board_nxp_lpcxpresso_1769\Debug\liblpc_board_nxp_lpcxpresso_1769.a(board_sysinit.o)
                0x00000770                Board_SetupClocking
 .text.Board_SystemInit
                0x00000782       0x10 C:\Users\Julien\Dropbox\Cegep3Annee\3DPrinterProject\workPlaceCode\lpc_board_nxp_lpcxpresso_1769\Debug\liblpc_board_nxp_lpcxpresso_1769.a(board_sysinit.o)
                0x00000782                Board_SystemInit
 *fill*         0x00000792        0x2 ff
 .text.SystemCoreClockUpdate
                0x00000794       0x18 C:\Users\Julien\Dropbox\Cegep3Annee\3DPrinterProject\workPlaceCode\lpc_chip_175x_6x\Debug\liblpc_chip_175x_6x.a(chip_17xx_40xx.o)
                0x00000794                SystemCoreClockUpdate
 .text.Chip_Clock_IsMainPLLEnabled
                0x000007ac       0x24 C:\Users\Julien\Dropbox\Cegep3Annee\3DPrinterProject\workPlaceCode\lpc_chip_175x_6x\Debug\liblpc_chip_175x_6x.a(clock_17xx_40xx.o)
 .text.Chip_Clock_IsMainPLLConnected
                0x000007d0       0x24 C:\Users\Julien\Dropbox\Cegep3Annee\3DPrinterProject\workPlaceCode\lpc_chip_175x_6x\Debug\liblpc_chip_175x_6x.a(clock_17xx_40xx.o)
 .text.Chip_Clock_FeedPLL
                0x000007f4       0x34 C:\Users\Julien\Dropbox\Cegep3Annee\3DPrinterProject\workPlaceCode\lpc_chip_175x_6x\Debug\liblpc_chip_175x_6x.a(clock_17xx_40xx.o)
 .text.Chip_Clock_GetMainPLLSource
                0x00000828       0x20 C:\Users\Julien\Dropbox\Cegep3Annee\3DPrinterProject\workPlaceCode\lpc_chip_175x_6x\Debug\liblpc_chip_175x_6x.a(clock_17xx_40xx.o)
 .text.Chip_Clock_GetMainOscRate
                0x00000848       0x14 C:\Users\Julien\Dropbox\Cegep3Annee\3DPrinterProject\workPlaceCode\lpc_chip_175x_6x\Debug\liblpc_chip_175x_6x.a(clock_17xx_40xx.o)
 .text.Chip_Clock_GetIntOscRate
                0x0000085c       0x14 C:\Users\Julien\Dropbox\Cegep3Annee\3DPrinterProject\workPlaceCode\lpc_chip_175x_6x\Debug\liblpc_chip_175x_6x.a(clock_17xx_40xx.o)
 .text.Chip_Clock_GetRTCOscRate
                0x00000870       0x14 C:\Users\Julien\Dropbox\Cegep3Annee\3DPrinterProject\workPlaceCode\lpc_chip_175x_6x\Debug\liblpc_chip_175x_6x.a(clock_17xx_40xx.o)
 .text.Chip_Clock_GetMainPLLInClockRate
                0x00000884        0xe C:\Users\Julien\Dropbox\Cegep3Annee\3DPrinterProject\workPlaceCode\lpc_chip_175x_6x\Debug\liblpc_chip_175x_6x.a(clock_17xx_40xx.o)
 *fill*         0x00000892        0x2 ff
 .text.Chip_Clock_EnablePLL
                0x00000894       0x44 C:\Users\Julien\Dropbox\Cegep3Annee\3DPrinterProject\workPlaceCode\lpc_chip_175x_6x\Debug\liblpc_chip_175x_6x.a(clock_17xx_40xx.o)
                0x00000894                Chip_Clock_EnablePLL
 .text.Chip_Clock_DisablePLL
                0x000008d8       0x48 C:\Users\Julien\Dropbox\Cegep3Annee\3DPrinterProject\workPlaceCode\lpc_chip_175x_6x\Debug\liblpc_chip_175x_6x.a(clock_17xx_40xx.o)
                0x000008d8                Chip_Clock_DisablePLL
 .text.Chip_Clock_SetupPLL
                0x00000920       0x5c C:\Users\Julien\Dropbox\Cegep3Annee\3DPrinterProject\workPlaceCode\lpc_chip_175x_6x\Debug\liblpc_chip_175x_6x.a(clock_17xx_40xx.o)
                0x00000920                Chip_Clock_SetupPLL
 .text.Chip_Clock_EnablePeriphClock
                0x0000097c       0x34 C:\Users\Julien\Dropbox\Cegep3Annee\3DPrinterProject\workPlaceCode\lpc_chip_175x_6x\Debug\liblpc_chip_175x_6x.a(clock_17xx_40xx.o)
                0x0000097c                Chip_Clock_EnablePeriphClock
 .text.Chip_Clock_GetCPUClockSource
                0x000009b0       0x24 C:\Users\Julien\Dropbox\Cegep3Annee\3DPrinterProject\workPlaceCode\lpc_chip_175x_6x\Debug\liblpc_chip_175x_6x.a(clock_17xx_40xx.o)
                0x000009b0                Chip_Clock_GetCPUClockSource
 .text.Chip_Clock_SetCPUClockDiv
                0x000009d4       0x20 C:\Users\Julien\Dropbox\Cegep3Annee\3DPrinterProject\workPlaceCode\lpc_chip_175x_6x\Debug\liblpc_chip_175x_6x.a(clock_17xx_40xx.o)
                0x000009d4                Chip_Clock_SetCPUClockDiv
 .text.Chip_Clock_GetCPUClockDiv
                0x000009f4       0x1c C:\Users\Julien\Dropbox\Cegep3Annee\3DPrinterProject\workPlaceCode\lpc_chip_175x_6x\Debug\liblpc_chip_175x_6x.a(clock_17xx_40xx.o)
                0x000009f4                Chip_Clock_GetCPUClockDiv
 .text.Chip_Clock_GetPCLKDiv
                0x00000a10       0x8c C:\Users\Julien\Dropbox\Cegep3Annee\3DPrinterProject\workPlaceCode\lpc_chip_175x_6x\Debug\liblpc_chip_175x_6x.a(clock_17xx_40xx.o)
                0x00000a10                Chip_Clock_GetPCLKDiv
 .text.Chip_Clock_GetSYSCLKRate
                0x00000a9c       0x34 C:\Users\Julien\Dropbox\Cegep3Annee\3DPrinterProject\workPlaceCode\lpc_chip_175x_6x\Debug\liblpc_chip_175x_6x.a(clock_17xx_40xx.o)
                0x00000a9c                Chip_Clock_GetSYSCLKRate
 .text.Chip_Clock_GetMainPLLOutClockRate
                0x00000ad0       0x54 C:\Users\Julien\Dropbox\Cegep3Annee\3DPrinterProject\workPlaceCode\lpc_chip_175x_6x\Debug\liblpc_chip_175x_6x.a(clock_17xx_40xx.o)
                0x00000ad0                Chip_Clock_GetMainPLLOutClockRate
 .text.Chip_Clock_GetMainClockRate
                0x00000b24       0x28 C:\Users\Julien\Dropbox\Cegep3Annee\3DPrinterProject\workPlaceCode\lpc_chip_175x_6x\Debug\liblpc_chip_175x_6x.a(clock_17xx_40xx.o)
                0x00000b24                Chip_Clock_GetMainClockRate
 .text.Chip_Clock_GetSystemClockRate
                0x00000b4c       0x18 C:\Users\Julien\Dropbox\Cegep3Annee\3DPrinterProject\workPlaceCode\lpc_chip_175x_6x\Debug\liblpc_chip_175x_6x.a(clock_17xx_40xx.o)
                0x00000b4c                Chip_Clock_GetSystemClockRate
 .text.Chip_Clock_GetPeripheralClockRate
                0x00000b64       0x26 C:\Users\Julien\Dropbox\Cegep3Annee\3DPrinterProject\workPlaceCode\lpc_chip_175x_6x\Debug\liblpc_chip_175x_6x.a(clock_17xx_40xx.o)
                0x00000b64                Chip_Clock_GetPeripheralClockRate
 .text.Chip_IOCON_PinMuxSet
                0x00000b8a       0x36 C:\Users\Julien\Dropbox\Cegep3Annee\3DPrinterProject\workPlaceCode\lpc_chip_175x_6x\Debug\liblpc_chip_175x_6x.a(iocon_17xx_40xx.o)
                0x00000b8a                Chip_IOCON_PinMuxSet
 .text.Chip_IOCON_PinMux
                0x00000bc0       0x94 C:\Users\Julien\Dropbox\Cegep3Annee\3DPrinterProject\workPlaceCode\lpc_chip_175x_6x\Debug\liblpc_chip_175x_6x.a(iocon_17xx_40xx.o)
                0x00000bc0                Chip_IOCON_PinMux
 .text.Chip_IOCON_SetPinMuxing
                0x00000c54       0x62 C:\Users\Julien\Dropbox\Cegep3Annee\3DPrinterProject\workPlaceCode\lpc_chip_175x_6x\Debug\liblpc_chip_175x_6x.a(iocon_17xx_40xx.o)
                0x00000c54                Chip_IOCON_SetPinMuxing
 *fill*         0x00000cb6        0x2 ff
 .text.Chip_Clock_IsMainPLLEnabled
                0x00000cb8       0x24 C:\Users\Julien\Dropbox\Cegep3Annee\3DPrinterProject\workPlaceCode\lpc_chip_175x_6x\Debug\liblpc_chip_175x_6x.a(sysinit_17xx_40xx.o)
 .text.Chip_Clock_IsMainPLLLocked
                0x00000cdc       0x24 C:\Users\Julien\Dropbox\Cegep3Annee\3DPrinterProject\workPlaceCode\lpc_chip_175x_6x\Debug\liblpc_chip_175x_6x.a(sysinit_17xx_40xx.o)
 .text.Chip_Clock_IsMainPLLConnected
                0x00000d00       0x24 C:\Users\Julien\Dropbox\Cegep3Annee\3DPrinterProject\workPlaceCode\lpc_chip_175x_6x\Debug\liblpc_chip_175x_6x.a(sysinit_17xx_40xx.o)
 .text.Chip_Clock_EnableCrystal
                0x00000d24       0x20 C:\Users\Julien\Dropbox\Cegep3Annee\3DPrinterProject\workPlaceCode\lpc_chip_175x_6x\Debug\liblpc_chip_175x_6x.a(sysinit_17xx_40xx.o)
 .text.Chip_Clock_IsCrystalEnabled
                0x00000d44       0x24 C:\Users\Julien\Dropbox\Cegep3Annee\3DPrinterProject\workPlaceCode\lpc_chip_175x_6x\Debug\liblpc_chip_175x_6x.a(sysinit_17xx_40xx.o)
 .text.Chip_Clock_SetMainPLLSource
                0x00000d68       0x20 C:\Users\Julien\Dropbox\Cegep3Annee\3DPrinterProject\workPlaceCode\lpc_chip_175x_6x\Debug\liblpc_chip_175x_6x.a(sysinit_17xx_40xx.o)
 .text.Chip_SetupXtalClocking
                0x00000d88       0x90 C:\Users\Julien\Dropbox\Cegep3Annee\3DPrinterProject\workPlaceCode\lpc_chip_175x_6x\Debug\liblpc_chip_175x_6x.a(sysinit_17xx_40xx.o)
                0x00000d88                Chip_SetupXtalClocking
 .text.Chip_UART_SetupFIFOS
                0x00000e18       0x1a C:\Users\Julien\Dropbox\Cegep3Annee\3DPrinterProject\workPlaceCode\lpc_chip_175x_6x\Debug\liblpc_chip_175x_6x.a(uart_17xx_40xx.o)
 .text.Chip_UART_ConfigData
                0x00000e32       0x1a C:\Users\Julien\Dropbox\Cegep3Annee\3DPrinterProject\workPlaceCode\lpc_chip_175x_6x\Debug\liblpc_chip_175x_6x.a(uart_17xx_40xx.o)
 .text.Chip_UART_EnableDivisorAccess
                0x00000e4c       0x1e C:\Users\Julien\Dropbox\Cegep3Annee\3DPrinterProject\workPlaceCode\lpc_chip_175x_6x\Debug\liblpc_chip_175x_6x.a(uart_17xx_40xx.o)
 .text.Chip_UART_DisableDivisorAccess
                0x00000e6a       0x1e C:\Users\Julien\Dropbox\Cegep3Annee\3DPrinterProject\workPlaceCode\lpc_chip_175x_6x\Debug\liblpc_chip_175x_6x.a(uart_17xx_40xx.o)
 .text.Chip_UART_SetDivisorLatches
                0x00000e88       0x26 C:\Users\Julien\Dropbox\Cegep3Annee\3DPrinterProject\workPlaceCode\lpc_chip_175x_6x\Debug\liblpc_chip_175x_6x.a(uart_17xx_40xx.o)
 *fill*         0x00000eae        0x2 ff
 .text.Chip_UART_GetClockIndex
                0x00000eb0       0x50 C:\Users\Julien\Dropbox\Cegep3Annee\3DPrinterProject\workPlaceCode\lpc_chip_175x_6x\Debug\liblpc_chip_175x_6x.a(uart_17xx_40xx.o)
 .text.Chip_UART_GetClkIndex
                0x00000f00       0x50 C:\Users\Julien\Dropbox\Cegep3Annee\3DPrinterProject\workPlaceCode\lpc_chip_175x_6x\Debug\liblpc_chip_175x_6x.a(uart_17xx_40xx.o)
 .text.Chip_UART_Init
                0x00000f50       0x78 C:\Users\Julien\Dropbox\Cegep3Annee\3DPrinterProject\workPlaceCode\lpc_chip_175x_6x\Debug\liblpc_chip_175x_6x.a(uart_17xx_40xx.o)
                0x00000f50                Chip_UART_Init
 .text.Chip_UART_TXEnable
                0x00000fc8       0x18 C:\Users\Julien\Dropbox\Cegep3Annee\3DPrinterProject\workPlaceCode\lpc_chip_175x_6x\Debug\liblpc_chip_175x_6x.a(uart_17xx_40xx.o)
                0x00000fc8                Chip_UART_TXEnable
 .text.Chip_UART_TXDisable
                0x00000fe0       0x18 C:\Users\Julien\Dropbox\Cegep3Annee\3DPrinterProject\workPlaceCode\lpc_chip_175x_6x\Debug\liblpc_chip_175x_6x.a(uart_17xx_40xx.o)
                0x00000fe0                Chip_UART_TXDisable
 .text.Chip_UART_SetBaud
                0x00000ff8       0x62 C:\Users\Julien\Dropbox\Cegep3Annee\3DPrinterProject\workPlaceCode\lpc_chip_175x_6x\Debug\liblpc_chip_175x_6x.a(uart_17xx_40xx.o)
                0x00000ff8                Chip_UART_SetBaud
 .text.__weak_main
                0x0000105a        0x4 c:/nxp/mcuxpressoide_10.2.1_795/ide/tools/bin/../lib/gcc/arm-none-eabi/7.2.1/../../../../arm-none-eabi/lib/thumb/v7-m\libcr_c.a(__weak__main.o)
                0x0000105a                __weak_main
                0x0000105a                __main
 *(.rodata .rodata.* .constdata .constdata.*)
 *fill*         0x0000105e        0x2 ff
 .rodata.OscRateIn
                0x00001060        0x4 C:\Users\Julien\Dropbox\Cegep3Annee\3DPrinterProject\workPlaceCode\lpc_board_nxp_lpcxpresso_1769\Debug\liblpc_board_nxp_lpcxpresso_1769.a(board.o)
                0x00001060                OscRateIn
 .rodata.RTCOscRateIn
                0x00001064        0x4 C:\Users\Julien\Dropbox\Cegep3Annee\3DPrinterProject\workPlaceCode\lpc_board_nxp_lpcxpresso_1769\Debug\liblpc_board_nxp_lpcxpresso_1769.a(board.o)
                0x00001064                RTCOscRateIn
 .rodata.pinmuxing
                0x00001068       0x5c C:\Users\Julien\Dropbox\Cegep3Annee\3DPrinterProject\workPlaceCode\lpc_board_nxp_lpcxpresso_1769\Debug\liblpc_board_nxp_lpcxpresso_1769.a(board_sysinit.o)
                0x000010c4                . = ALIGN (0x4)

.glue_7         0x000010c4        0x0
 .glue_7        0x000010c4        0x0 linker stubs

.glue_7t        0x000010c4        0x0
 .glue_7t       0x000010c4        0x0 linker stubs

.vfp11_veneer   0x000010c4        0x0
 .vfp11_veneer  0x000010c4        0x0 linker stubs

.v4_bx          0x000010c4        0x0
 .v4_bx         0x000010c4        0x0 linker stubs

.iplt           0x000010c4        0x0
 .iplt          0x000010c4        0x0 ./src/anotherTestC.o

.rel.dyn        0x000010c4        0x0
 .rel.iplt      0x000010c4        0x0 ./src/anotherTestC.o

.ARM.extab
 *(.ARM.extab* .gnu.linkonce.armextab.*)
                0x000010c4                __exidx_start = .

.ARM.exidx
 *(.ARM.exidx* .gnu.linkonce.armexidx.*)
                0x000010c4                __exidx_end = .
                0x000010c4                _etext = .

.data_RAM2      0x2007c000        0x0 load address 0x000010c4
 FILL mask 0xff
                [!provide]                PROVIDE (__start_data_RAM2, .)
 *(.ramfunc.$RAM2)
 *(.ramfunc.$RamAHB32)
 *(.data.$RAM2*)
 *(.data.$RamAHB32*)
                0x2007c000                . = ALIGN (0x4)
                [!provide]                PROVIDE (__end_data_RAM2, .)

.uninit_RESERVED
                0x10000000        0x0
 *(.bss.$RESERVED*)
                0x10000000                . = ALIGN (0x4)
                0x10000000                _end_uninit_RESERVED = .

.data           0x10000000        0x0 load address 0x000010c4
 FILL mask 0xff
                0x10000000                _data = .
 *(vtable)
 *(.ramfunc*)
 *(.data*)
                0x10000000                . = ALIGN (0x4)
                0x10000000                _edata = .

.igot.plt       0x10000000        0x0 load address 0x000010c4
 .igot.plt      0x10000000        0x0 ./src/anotherTestC.o

.bss_RAM2       0x2007c000        0x0
                [!provide]                PROVIDE (__start_bss_RAM2, .)
 *(.bss.$RAM2*)
 *(.bss.$RamAHB32*)
                0x2007c000                . = ALIGN ((. != 0x0)?0x4:0x1)
                [!provide]                PROVIDE (__end_bss_RAM2, .)

.bss            0x10000000        0x8
                0x10000000                _bss = .
 *(.bss*)
 .bss.i.7287    0x10000000        0x4 ./src/anotherTestC.o
 *(COMMON)
 COMMON         0x10000004        0x4 C:\Users\Julien\Dropbox\Cegep3Annee\3DPrinterProject\workPlaceCode\lpc_chip_175x_6x\Debug\liblpc_chip_175x_6x.a(chip_17xx_40xx.o)
                0x10000004                SystemCoreClock
                0x10000008                . = ALIGN (0x4)
                0x10000008                _ebss = .
                [!provide]                PROVIDE (end, .)

.noinit_RAM2    0x2007c000        0x0
 *(.noinit.$RAM2*)
 *(.noinit.$RamAHB32*)
                0x2007c000                . = ALIGN (0x4)

.noinit         0x10000008        0x0
                0x10000008                _noinit = .
 *(.noinit*)
                0x10000008                . = ALIGN (0x4)
                0x10000008                _end_noinit = .
                [!provide]                PROVIDE (_pvHeapStart, DEFINED (__user_heap_base)?__user_heap_base:.)
                0x10008000                PROVIDE (_vStackTop, DEFINED (__user_stack_top)?__user_stack_top:(__top_RamLoc32 - 0x0))
                0xefff74de                PROVIDE (__valid_user_code_checksum, (0x0 - ((((((_vStackTop + (ResetISR + 0x1)) + (NMI_Handler + 0x1)) + (HardFault_Handler + 0x1)) + (DEFINED (MemManage_Handler)?MemManage_Handler:0x0 + 0x1)) + (DEFINED (BusFault_Handler)?BusFault_Handler:0x0 + 0x1)) + (DEFINED (UsageFault_Handler)?UsageFault_Handler:0x0 + 0x1))))
                0x00000000                _image_start = LOADADDR (.text)
                0x000010c4                _image_end = (LOADADDR (.data) + SIZEOF (.data))
                0x000010c4                _image_size = (_image_end - _image_start)
OUTPUT(anotherTestC.axf elf32-littlearm)

.debug_info     0x00000000     0x4ab9
 .debug_info    0x00000000      0x285 ./src/anotherTestC.o
 .debug_info    0x00000285      0x255 ./src/cr_startup_lpc175x_6x.o
 .debug_info    0x000004da       0x3f ./src/crp.o
 .debug_info    0x00000519      0x232 ./src/sysinit.o
 .debug_info    0x0000074b     0x150a C:\Users\Julien\Dropbox\Cegep3Annee\3DPrinterProject\workPlaceCode\lpc_board_nxp_lpcxpresso_1769\Debug\liblpc_board_nxp_lpcxpresso_1769.a(board.o)
 .debug_info    0x00001c55      0x6c3 C:\Users\Julien\Dropbox\Cegep3Annee\3DPrinterProject\workPlaceCode\lpc_board_nxp_lpcxpresso_1769\Debug\liblpc_board_nxp_lpcxpresso_1769.a(board_sysinit.o)
 .debug_info    0x00002318      0x558 C:\Users\Julien\Dropbox\Cegep3Annee\3DPrinterProject\workPlaceCode\lpc_chip_175x_6x\Debug\liblpc_chip_175x_6x.a(chip_17xx_40xx.o)
 .debug_info    0x00002870      0xba2 C:\Users\Julien\Dropbox\Cegep3Annee\3DPrinterProject\workPlaceCode\lpc_chip_175x_6x\Debug\liblpc_chip_175x_6x.a(clock_17xx_40xx.o)
 .debug_info    0x00003412      0x31e C:\Users\Julien\Dropbox\Cegep3Annee\3DPrinterProject\workPlaceCode\lpc_chip_175x_6x\Debug\liblpc_chip_175x_6x.a(iocon_17xx_40xx.o)
 .debug_info    0x00003730      0x474 C:\Users\Julien\Dropbox\Cegep3Annee\3DPrinterProject\workPlaceCode\lpc_chip_175x_6x\Debug\liblpc_chip_175x_6x.a(sysinit_17xx_40xx.o)
 .debug_info    0x00003ba4      0xf15 C:\Users\Julien\Dropbox\Cegep3Annee\3DPrinterProject\workPlaceCode\lpc_chip_175x_6x\Debug\liblpc_chip_175x_6x.a(uart_17xx_40xx.o)

.debug_abbrev   0x00000000     0x12ca
 .debug_abbrev  0x00000000      0x117 ./src/anotherTestC.o
 .debug_abbrev  0x00000117      0x114 ./src/cr_startup_lpc175x_6x.o
 .debug_abbrev  0x0000022b       0x36 ./src/crp.o
 .debug_abbrev  0x00000261       0xdd ./src/sysinit.o
 .debug_abbrev  0x0000033e      0x3c8 C:\Users\Julien\Dropbox\Cegep3Annee\3DPrinterProject\workPlaceCode\lpc_board_nxp_lpcxpresso_1769\Debug\liblpc_board_nxp_lpcxpresso_1769.a(board.o)
 .debug_abbrev  0x00000706      0x180 C:\Users\Julien\Dropbox\Cegep3Annee\3DPrinterProject\workPlaceCode\lpc_board_nxp_lpcxpresso_1769\Debug\liblpc_board_nxp_lpcxpresso_1769.a(board_sysinit.o)
 .debug_abbrev  0x00000886      0x151 C:\Users\Julien\Dropbox\Cegep3Annee\3DPrinterProject\workPlaceCode\lpc_chip_175x_6x\Debug\liblpc_chip_175x_6x.a(chip_17xx_40xx.o)
 .debug_abbrev  0x000009d7      0x309 C:\Users\Julien\Dropbox\Cegep3Annee\3DPrinterProject\workPlaceCode\lpc_chip_175x_6x\Debug\liblpc_chip_175x_6x.a(clock_17xx_40xx.o)
 .debug_abbrev  0x00000ce0      0x14a C:\Users\Julien\Dropbox\Cegep3Annee\3DPrinterProject\workPlaceCode\lpc_chip_175x_6x\Debug\liblpc_chip_175x_6x.a(iocon_17xx_40xx.o)
 .debug_abbrev  0x00000e2a      0x18e C:\Users\Julien\Dropbox\Cegep3Annee\3DPrinterProject\workPlaceCode\lpc_chip_175x_6x\Debug\liblpc_chip_175x_6x.a(sysinit_17xx_40xx.o)
 .debug_abbrev  0x00000fb8      0x312 C:\Users\Julien\Dropbox\Cegep3Annee\3DPrinterProject\workPlaceCode\lpc_chip_175x_6x\Debug\liblpc_chip_175x_6x.a(uart_17xx_40xx.o)

.debug_aranges  0x00000000      0x590
 .debug_aranges
                0x00000000       0x30 ./src/anotherTestC.o
 .debug_aranges
                0x00000030       0x80 ./src/cr_startup_lpc175x_6x.o
 .debug_aranges
                0x000000b0       0x18 ./src/crp.o
 .debug_aranges
                0x000000c8       0x20 ./src/sysinit.o
 .debug_aranges
                0x000000e8      0x160 C:\Users\Julien\Dropbox\Cegep3Annee\3DPrinterProject\workPlaceCode\lpc_board_nxp_lpcxpresso_1769\Debug\liblpc_board_nxp_lpcxpresso_1769.a(board.o)
 .debug_aranges
                0x00000248       0x38 C:\Users\Julien\Dropbox\Cegep3Annee\3DPrinterProject\workPlaceCode\lpc_board_nxp_lpcxpresso_1769\Debug\liblpc_board_nxp_lpcxpresso_1769.a(board_sysinit.o)
 .debug_aranges
                0x00000280       0x38 C:\Users\Julien\Dropbox\Cegep3Annee\3DPrinterProject\workPlaceCode\lpc_chip_175x_6x\Debug\liblpc_chip_175x_6x.a(chip_17xx_40xx.o)
 .debug_aranges
                0x000002b8      0x120 C:\Users\Julien\Dropbox\Cegep3Annee\3DPrinterProject\workPlaceCode\lpc_chip_175x_6x\Debug\liblpc_chip_175x_6x.a(clock_17xx_40xx.o)
 .debug_aranges
                0x000003d8       0x30 C:\Users\Julien\Dropbox\Cegep3Annee\3DPrinterProject\workPlaceCode\lpc_chip_175x_6x\Debug\liblpc_chip_175x_6x.a(iocon_17xx_40xx.o)
 .debug_aranges
                0x00000408       0x60 C:\Users\Julien\Dropbox\Cegep3Annee\3DPrinterProject\workPlaceCode\lpc_chip_175x_6x\Debug\liblpc_chip_175x_6x.a(sysinit_17xx_40xx.o)
 .debug_aranges
                0x00000468      0x128 C:\Users\Julien\Dropbox\Cegep3Annee\3DPrinterProject\workPlaceCode\lpc_chip_175x_6x\Debug\liblpc_chip_175x_6x.a(uart_17xx_40xx.o)

.debug_ranges   0x00000000      0x4d8
 .debug_ranges  0x00000000       0x20 ./src/anotherTestC.o
 .debug_ranges  0x00000020       0x70 ./src/cr_startup_lpc175x_6x.o
 .debug_ranges  0x00000090       0x10 ./src/sysinit.o
 .debug_ranges  0x000000a0      0x150 C:\Users\Julien\Dropbox\Cegep3Annee\3DPrinterProject\workPlaceCode\lpc_board_nxp_lpcxpresso_1769\Debug\liblpc_board_nxp_lpcxpresso_1769.a(board.o)
 .debug_ranges  0x000001f0       0x28 C:\Users\Julien\Dropbox\Cegep3Annee\3DPrinterProject\workPlaceCode\lpc_board_nxp_lpcxpresso_1769\Debug\liblpc_board_nxp_lpcxpresso_1769.a(board_sysinit.o)
 .debug_ranges  0x00000218       0x28 C:\Users\Julien\Dropbox\Cegep3Annee\3DPrinterProject\workPlaceCode\lpc_chip_175x_6x\Debug\liblpc_chip_175x_6x.a(chip_17xx_40xx.o)
 .debug_ranges  0x00000240      0x110 C:\Users\Julien\Dropbox\Cegep3Annee\3DPrinterProject\workPlaceCode\lpc_chip_175x_6x\Debug\liblpc_chip_175x_6x.a(clock_17xx_40xx.o)
 .debug_ranges  0x00000350       0x20 C:\Users\Julien\Dropbox\Cegep3Annee\3DPrinterProject\workPlaceCode\lpc_chip_175x_6x\Debug\liblpc_chip_175x_6x.a(iocon_17xx_40xx.o)
 .debug_ranges  0x00000370       0x50 C:\Users\Julien\Dropbox\Cegep3Annee\3DPrinterProject\workPlaceCode\lpc_chip_175x_6x\Debug\liblpc_chip_175x_6x.a(sysinit_17xx_40xx.o)
 .debug_ranges  0x000003c0      0x118 C:\Users\Julien\Dropbox\Cegep3Annee\3DPrinterProject\workPlaceCode\lpc_chip_175x_6x\Debug\liblpc_chip_175x_6x.a(uart_17xx_40xx.o)

.debug_macro    0x00000000     0x72c0
 .debug_macro   0x00000000      0x229 ./src/anotherTestC.o
 .debug_macro   0x00000229      0xa78 ./src/anotherTestC.o
 .debug_macro   0x00000ca1       0x10 ./src/anotherTestC.o
 .debug_macro   0x00000cb1      0x12d ./src/anotherTestC.o
 .debug_macro   0x00000dde      0x5b2 ./src/anotherTestC.o
 .debug_macro   0x00001390       0x22 ./src/anotherTestC.o
 .debug_macro   0x000013b2       0x7b ./src/anotherTestC.o
 .debug_macro   0x0000142d       0x10 ./src/anotherTestC.o
 .debug_macro   0x0000143d       0x2d ./src/anotherTestC.o
 .debug_macro   0x0000146a       0x3a ./src/anotherTestC.o
 .debug_macro   0x000014a4       0x2d ./src/anotherTestC.o
 .debug_macro   0x000014d1      0xbb1 ./src/anotherTestC.o
 .debug_macro   0x00002082      0x22c ./src/anotherTestC.o
 .debug_macro   0x000022ae       0x42 ./src/anotherTestC.o
 .debug_macro   0x000022f0       0x52 ./src/anotherTestC.o
 .debug_macro   0x00002342       0x78 ./src/anotherTestC.o
 .debug_macro   0x000023ba       0x82 ./src/anotherTestC.o
 .debug_macro   0x0000243c      0x48c ./src/anotherTestC.o
 .debug_macro   0x000028c8       0x34 ./src/anotherTestC.o
 .debug_macro   0x000028fc      0x4c5 ./src/anotherTestC.o
 .debug_macro   0x00002dc1      0x1b7 ./src/anotherTestC.o
 .debug_macro   0x00002f78       0x10 ./src/anotherTestC.o
 .debug_macro   0x00002f88      0x21b ./src/anotherTestC.o
 .debug_macro   0x000031a3      0x1b9 ./src/anotherTestC.o
 .debug_macro   0x0000335c       0x40 ./src/anotherTestC.o
 .debug_macro   0x0000339c       0x22 ./src/anotherTestC.o
 .debug_macro   0x000033be      0x162 ./src/anotherTestC.o
 .debug_macro   0x00003520       0x94 ./src/anotherTestC.o
 .debug_macro   0x000035b4       0xb8 ./src/anotherTestC.o
 .debug_macro   0x0000366c       0x4c ./src/anotherTestC.o
 .debug_macro   0x000036b8       0x16 ./src/anotherTestC.o
 .debug_macro   0x000036ce      0x328 ./src/anotherTestC.o
 .debug_macro   0x000039f6       0x49 ./src/anotherTestC.o
 .debug_macro   0x00003a3f       0x16 ./src/anotherTestC.o
 .debug_macro   0x00003a55       0xca ./src/anotherTestC.o
 .debug_macro   0x00003b1f       0x18 ./src/anotherTestC.o
 .debug_macro   0x00003b37       0x70 ./src/anotherTestC.o
 .debug_macro   0x00003ba7       0xd9 ./src/anotherTestC.o
 .debug_macro   0x00003c80       0x20 ./src/anotherTestC.o
 .debug_macro   0x00003ca0       0x28 ./src/anotherTestC.o
 .debug_macro   0x00003cc8       0x82 ./src/anotherTestC.o
 .debug_macro   0x00003d4a     0x1a41 ./src/anotherTestC.o
 .debug_macro   0x0000578b       0x1d ./src/cr_startup_lpc175x_6x.o
 .debug_macro   0x000057a8       0x1a ./src/crp.o
 .debug_macro   0x000057c2       0x34 ./src/crp.o
 .debug_macro   0x000057f6      0x217 ./src/sysinit.o
 .debug_macro   0x00005a0d      0x289 C:\Users\Julien\Dropbox\Cegep3Annee\3DPrinterProject\workPlaceCode\lpc_board_nxp_lpcxpresso_1769\Debug\liblpc_board_nxp_lpcxpresso_1769.a(board.o)
 .debug_macro   0x00005c96      0xa66 C:\Users\Julien\Dropbox\Cegep3Annee\3DPrinterProject\workPlaceCode\lpc_board_nxp_lpcxpresso_1769\Debug\liblpc_board_nxp_lpcxpresso_1769.a(board.o)
 .debug_macro   0x000066fc       0x9a C:\Users\Julien\Dropbox\Cegep3Annee\3DPrinterProject\workPlaceCode\lpc_board_nxp_lpcxpresso_1769\Debug\liblpc_board_nxp_lpcxpresso_1769.a(board.o)
 .debug_macro   0x00006796       0x12 C:\Users\Julien\Dropbox\Cegep3Annee\3DPrinterProject\workPlaceCode\lpc_board_nxp_lpcxpresso_1769\Debug\liblpc_board_nxp_lpcxpresso_1769.a(board.o)
 .debug_macro   0x000067a8      0x217 C:\Users\Julien\Dropbox\Cegep3Annee\3DPrinterProject\workPlaceCode\lpc_board_nxp_lpcxpresso_1769\Debug\liblpc_board_nxp_lpcxpresso_1769.a(board_sysinit.o)
 .debug_macro   0x000069bf      0x1cd C:\Users\Julien\Dropbox\Cegep3Annee\3DPrinterProject\workPlaceCode\lpc_chip_175x_6x\Debug\liblpc_chip_175x_6x.a(chip_17xx_40xx.o)
 .debug_macro   0x00006b8c      0x1cd C:\Users\Julien\Dropbox\Cegep3Annee\3DPrinterProject\workPlaceCode\lpc_chip_175x_6x\Debug\liblpc_chip_175x_6x.a(clock_17xx_40xx.o)
 .debug_macro   0x00006d59      0x1cd C:\Users\Julien\Dropbox\Cegep3Annee\3DPrinterProject\workPlaceCode\lpc_chip_175x_6x\Debug\liblpc_chip_175x_6x.a(iocon_17xx_40xx.o)
 .debug_macro   0x00006f26      0x1cd C:\Users\Julien\Dropbox\Cegep3Annee\3DPrinterProject\workPlaceCode\lpc_chip_175x_6x\Debug\liblpc_chip_175x_6x.a(sysinit_17xx_40xx.o)
 .debug_macro   0x000070f3      0x1cd C:\Users\Julien\Dropbox\Cegep3Annee\3DPrinterProject\workPlaceCode\lpc_chip_175x_6x\Debug\liblpc_chip_175x_6x.a(uart_17xx_40xx.o)

.debug_line     0x00000000     0x34d7
 .debug_line    0x00000000      0x5c8 ./src/anotherTestC.o
 .debug_line    0x000005c8       0xd3 ./src/cr_startup_lpc175x_6x.o
 .debug_line    0x0000069b       0x75 ./src/crp.o
 .debug_line    0x00000710      0x4a5 ./src/sysinit.o
 .debug_line    0x00000bb5      0x860 C:\Users\Julien\Dropbox\Cegep3Annee\3DPrinterProject\workPlaceCode\lpc_board_nxp_lpcxpresso_1769\Debug\liblpc_board_nxp_lpcxpresso_1769.a(board.o)
 .debug_line    0x00001415      0x4e5 C:\Users\Julien\Dropbox\Cegep3Annee\3DPrinterProject\workPlaceCode\lpc_board_nxp_lpcxpresso_1769\Debug\liblpc_board_nxp_lpcxpresso_1769.a(board_sysinit.o)
 .debug_line    0x000018fa      0x45e C:\Users\Julien\Dropbox\Cegep3Annee\3DPrinterProject\workPlaceCode\lpc_chip_175x_6x\Debug\liblpc_chip_175x_6x.a(chip_17xx_40xx.o)
 .debug_line    0x00001d58      0x6da C:\Users\Julien\Dropbox\Cegep3Annee\3DPrinterProject\workPlaceCode\lpc_chip_175x_6x\Debug\liblpc_chip_175x_6x.a(clock_17xx_40xx.o)
 .debug_line    0x00002432      0x44a C:\Users\Julien\Dropbox\Cegep3Annee\3DPrinterProject\workPlaceCode\lpc_chip_175x_6x\Debug\liblpc_chip_175x_6x.a(iocon_17xx_40xx.o)
 .debug_line    0x0000287c      0x4d4 C:\Users\Julien\Dropbox\Cegep3Annee\3DPrinterProject\workPlaceCode\lpc_chip_175x_6x\Debug\liblpc_chip_175x_6x.a(sysinit_17xx_40xx.o)
 .debug_line    0x00002d50      0x787 C:\Users\Julien\Dropbox\Cegep3Annee\3DPrinterProject\workPlaceCode\lpc_chip_175x_6x\Debug\liblpc_chip_175x_6x.a(uart_17xx_40xx.o)

.debug_str      0x00000000    0x1d770
 .debug_str     0x00000000    0x1b4ab ./src/anotherTestC.o
                              0x1b589 (size before relaxing)
 .debug_str     0x0001b4ab      0x1d6 ./src/cr_startup_lpc175x_6x.o
                               0x2f07 (size before relaxing)
 .debug_str     0x0001b681       0xe9 ./src/crp.o
                               0x2e14 (size before relaxing)
 .debug_str     0x0001b76a       0x1b ./src/sysinit.o
                              0x1138d (size before relaxing)
 .debug_str     0x0001b785      0xf9d C:\Users\Julien\Dropbox\Cegep3Annee\3DPrinterProject\workPlaceCode\lpc_board_nxp_lpcxpresso_1769\Debug\liblpc_board_nxp_lpcxpresso_1769.a(board.o)
                              0x12189 (size before relaxing)
 .debug_str     0x0001c722      0x22d C:\Users\Julien\Dropbox\Cegep3Annee\3DPrinterProject\workPlaceCode\lpc_board_nxp_lpcxpresso_1769\Debug\liblpc_board_nxp_lpcxpresso_1769.a(board_sysinit.o)
                              0x116c3 (size before relaxing)
 .debug_str     0x0001c94f       0xcd C:\Users\Julien\Dropbox\Cegep3Annee\3DPrinterProject\workPlaceCode\lpc_chip_175x_6x\Debug\liblpc_chip_175x_6x.a(chip_17xx_40xx.o)
                              0x11313 (size before relaxing)
 .debug_str     0x0001ca1c      0x857 C:\Users\Julien\Dropbox\Cegep3Annee\3DPrinterProject\workPlaceCode\lpc_chip_175x_6x\Debug\liblpc_chip_175x_6x.a(clock_17xx_40xx.o)
                              0x11991 (size before relaxing)
 .debug_str     0x0001d273       0x79 C:\Users\Julien\Dropbox\Cegep3Annee\3DPrinterProject\workPlaceCode\lpc_chip_175x_6x\Debug\liblpc_chip_175x_6x.a(iocon_17xx_40xx.o)
                              0x10e0e (size before relaxing)
 .debug_str     0x0001d2ec       0xc4 C:\Users\Julien\Dropbox\Cegep3Annee\3DPrinterProject\workPlaceCode\lpc_chip_175x_6x\Debug\liblpc_chip_175x_6x.a(sysinit_17xx_40xx.o)
                              0x10ff6 (size before relaxing)
 .debug_str     0x0001d3b0      0x3c0 C:\Users\Julien\Dropbox\Cegep3Annee\3DPrinterProject\workPlaceCode\lpc_chip_175x_6x\Debug\liblpc_chip_175x_6x.a(uart_17xx_40xx.o)
                              0x11866 (size before relaxing)

.comment        0x00000000       0x7e
 .comment       0x00000000       0x7e ./src/anotherTestC.o
                                 0x7f (size before relaxing)
 .comment       0x0000007e       0x7f ./src/cr_startup_lpc175x_6x.o
 .comment       0x0000007e       0x7f ./src/crp.o
 .comment       0x0000007e       0x7f ./src/sysinit.o
 .comment       0x0000007e       0x7f C:\Users\Julien\Dropbox\Cegep3Annee\3DPrinterProject\workPlaceCode\lpc_board_nxp_lpcxpresso_1769\Debug\liblpc_board_nxp_lpcxpresso_1769.a(board.o)
 .comment       0x0000007e       0x7f C:\Users\Julien\Dropbox\Cegep3Annee\3DPrinterProject\workPlaceCode\lpc_board_nxp_lpcxpresso_1769\Debug\liblpc_board_nxp_lpcxpresso_1769.a(board_sysinit.o)
 .comment       0x0000007e       0x7f C:\Users\Julien\Dropbox\Cegep3Annee\3DPrinterProject\workPlaceCode\lpc_chip_175x_6x\Debug\liblpc_chip_175x_6x.a(chip_17xx_40xx.o)
 .comment       0x0000007e       0x7f C:\Users\Julien\Dropbox\Cegep3Annee\3DPrinterProject\workPlaceCode\lpc_chip_175x_6x\Debug\liblpc_chip_175x_6x.a(clock_17xx_40xx.o)
 .comment       0x0000007e       0x7f C:\Users\Julien\Dropbox\Cegep3Annee\3DPrinterProject\workPlaceCode\lpc_chip_175x_6x\Debug\liblpc_chip_175x_6x.a(iocon_17xx_40xx.o)
 .comment       0x0000007e       0x7f C:\Users\Julien\Dropbox\Cegep3Annee\3DPrinterProject\workPlaceCode\lpc_chip_175x_6x\Debug\liblpc_chip_175x_6x.a(sysinit_17xx_40xx.o)
 .comment       0x0000007e       0x7f C:\Users\Julien\Dropbox\Cegep3Annee\3DPrinterProject\workPlaceCode\lpc_chip_175x_6x\Debug\liblpc_chip_175x_6x.a(uart_17xx_40xx.o)
 .comment       0x0000007e       0x7f c:/nxp/mcuxpressoide_10.2.1_795/ide/tools/bin/../lib/gcc/arm-none-eabi/7.2.1/../../../../arm-none-eabi/lib/thumb/v7-m\libcr_c.a(__weak__main.o)

.ARM.attributes
                0x00000000       0x31
 .ARM.attributes
                0x00000000       0x33 ./src/anotherTestC.o
 .ARM.attributes
                0x00000033       0x33 ./src/cr_startup_lpc175x_6x.o
 .ARM.attributes
                0x00000066       0x33 ./src/crp.o
 .ARM.attributes
                0x00000099       0x33 ./src/sysinit.o
 .ARM.attributes
                0x000000cc       0x33 C:\Users\Julien\Dropbox\Cegep3Annee\3DPrinterProject\workPlaceCode\lpc_board_nxp_lpcxpresso_1769\Debug\liblpc_board_nxp_lpcxpresso_1769.a(board.o)
 .ARM.attributes
                0x000000ff       0x33 C:\Users\Julien\Dropbox\Cegep3Annee\3DPrinterProject\workPlaceCode\lpc_board_nxp_lpcxpresso_1769\Debug\liblpc_board_nxp_lpcxpresso_1769.a(board_sysinit.o)
 .ARM.attributes
                0x00000132       0x33 C:\Users\Julien\Dropbox\Cegep3Annee\3DPrinterProject\workPlaceCode\lpc_chip_175x_6x\Debug\liblpc_chip_175x_6x.a(chip_17xx_40xx.o)
 .ARM.attributes
                0x00000165       0x33 C:\Users\Julien\Dropbox\Cegep3Annee\3DPrinterProject\workPlaceCode\lpc_chip_175x_6x\Debug\liblpc_chip_175x_6x.a(clock_17xx_40xx.o)
 .ARM.attributes
                0x00000198       0x33 C:\Users\Julien\Dropbox\Cegep3Annee\3DPrinterProject\workPlaceCode\lpc_chip_175x_6x\Debug\liblpc_chip_175x_6x.a(iocon_17xx_40xx.o)
 .ARM.attributes
                0x000001cb       0x33 C:\Users\Julien\Dropbox\Cegep3Annee\3DPrinterProject\workPlaceCode\lpc_chip_175x_6x\Debug\liblpc_chip_175x_6x.a(sysinit_17xx_40xx.o)
 .ARM.attributes
                0x000001fe       0x33 C:\Users\Julien\Dropbox\Cegep3Annee\3DPrinterProject\workPlaceCode\lpc_chip_175x_6x\Debug\liblpc_chip_175x_6x.a(uart_17xx_40xx.o)
 .ARM.attributes
                0x00000231       0x33 c:/nxp/mcuxpressoide_10.2.1_795/ide/tools/bin/../lib/gcc/arm-none-eabi/7.2.1/../../../../arm-none-eabi/lib/thumb/v7-m\libcr_c.a(__weak__main.o)

.debug_frame    0x00000000     0x146c
 .debug_frame   0x00000000       0x74 ./src/anotherTestC.o
 .debug_frame   0x00000074      0x170 ./src/cr_startup_lpc175x_6x.o
 .debug_frame   0x000001e4       0x34 ./src/sysinit.o
 .debug_frame   0x00000218      0x5d4 C:\Users\Julien\Dropbox\Cegep3Annee\3DPrinterProject\workPlaceCode\lpc_board_nxp_lpcxpresso_1769\Debug\liblpc_board_nxp_lpcxpresso_1769.a(board.o)
 .debug_frame   0x000007ec       0x8c C:\Users\Julien\Dropbox\Cegep3Annee\3DPrinterProject\workPlaceCode\lpc_board_nxp_lpcxpresso_1769\Debug\liblpc_board_nxp_lpcxpresso_1769.a(board_sysinit.o)
 .debug_frame   0x00000878       0x88 C:\Users\Julien\Dropbox\Cegep3Annee\3DPrinterProject\workPlaceCode\lpc_chip_175x_6x\Debug\liblpc_chip_175x_6x.a(chip_17xx_40xx.o)
 .debug_frame   0x00000900      0x490 C:\Users\Julien\Dropbox\Cegep3Annee\3DPrinterProject\workPlaceCode\lpc_chip_175x_6x\Debug\liblpc_chip_175x_6x.a(clock_17xx_40xx.o)
 .debug_frame   0x00000d90       0x80 C:\Users\Julien\Dropbox\Cegep3Annee\3DPrinterProject\workPlaceCode\lpc_chip_175x_6x\Debug\liblpc_chip_175x_6x.a(iocon_17xx_40xx.o)
 .debug_frame   0x00000e10      0x12c C:\Users\Julien\Dropbox\Cegep3Annee\3DPrinterProject\workPlaceCode\lpc_chip_175x_6x\Debug\liblpc_chip_175x_6x.a(sysinit_17xx_40xx.o)
 .debug_frame   0x00000f3c      0x530 C:\Users\Julien\Dropbox\Cegep3Annee\3DPrinterProject\workPlaceCode\lpc_chip_175x_6x\Debug\liblpc_chip_175x_6x.a(uart_17xx_40xx.o)
