Archive member included to satisfy reference by file (symbol)

C:\Users\Julien\Dropbox\Cegep3Annee\3DPrinterProject\workPlaceCode\lpc_board_nxp_lpcxpresso_1769\Debug\liblpc_board_nxp_lpcxpresso_1769.a(board.o)
                              ./src/My3DPrinter.o (Board_LED_Set)
C:\Users\Julien\Dropbox\Cegep3Annee\3DPrinterProject\workPlaceCode\lpc_board_nxp_lpcxpresso_1769\Debug\liblpc_board_nxp_lpcxpresso_1769.a(board_sysinit.o)
                              ./src/sysinit.o (Board_SystemInit)
C:\Users\Julien\Dropbox\Cegep3Annee\3DPrinterProject\workPlaceCode\lpc_chip_175x_6x\Debug\liblpc_chip_175x_6x.a(chip_17xx_40xx.o)
                              ./src/My3DPrinter.o (SystemCoreClockUpdate)
C:\Users\Julien\Dropbox\Cegep3Annee\3DPrinterProject\workPlaceCode\lpc_chip_175x_6x\Debug\liblpc_chip_175x_6x.a(clock_17xx_40xx.o)
                              C:\Users\Julien\Dropbox\Cegep3Annee\3DPrinterProject\workPlaceCode\lpc_chip_175x_6x\Debug\liblpc_chip_175x_6x.a(chip_17xx_40xx.o) (Chip_Clock_EnablePLL)
C:\Users\Julien\Dropbox\Cegep3Annee\3DPrinterProject\workPlaceCode\lpc_chip_175x_6x\Debug\liblpc_chip_175x_6x.a(i2s_17xx_40xx.o)
                              C:\Users\Julien\Dropbox\Cegep3Annee\3DPrinterProject\workPlaceCode\lpc_board_nxp_lpcxpresso_1769\Debug\liblpc_board_nxp_lpcxpresso_1769.a(board.o) (Chip_I2S_Init)
C:\Users\Julien\Dropbox\Cegep3Annee\3DPrinterProject\workPlaceCode\lpc_chip_175x_6x\Debug\liblpc_chip_175x_6x.a(iocon_17xx_40xx.o)
                              C:\Users\Julien\Dropbox\Cegep3Annee\3DPrinterProject\workPlaceCode\lpc_board_nxp_lpcxpresso_1769\Debug\liblpc_board_nxp_lpcxpresso_1769.a(board.o) (Chip_IOCON_PinMux)
C:\Users\Julien\Dropbox\Cegep3Annee\3DPrinterProject\workPlaceCode\lpc_chip_175x_6x\Debug\liblpc_chip_175x_6x.a(sysinit_17xx_40xx.o)
                              C:\Users\Julien\Dropbox\Cegep3Annee\3DPrinterProject\workPlaceCode\lpc_board_nxp_lpcxpresso_1769\Debug\liblpc_board_nxp_lpcxpresso_1769.a(board_sysinit.o) (Chip_SetupXtalClocking)
C:\Users\Julien\Dropbox\Cegep3Annee\3DPrinterProject\workPlaceCode\lpc_chip_175x_6x\Debug\liblpc_chip_175x_6x.a(uart_17xx_40xx.o)
                              C:\Users\Julien\Dropbox\Cegep3Annee\3DPrinterProject\workPlaceCode\lpc_board_nxp_lpcxpresso_1769\Debug\liblpc_board_nxp_lpcxpresso_1769.a(board.o) (Chip_UART_Init)
C:\Users\Julien\Dropbox\Cegep3Annee\3DPrinterProject\workPlaceCode\lpc_chip_175x_6x\Debug\liblpc_chip_175x_6x.a(ring_buffer.o)
                              C:\Users\Julien\Dropbox\Cegep3Annee\3DPrinterProject\workPlaceCode\lpc_chip_175x_6x\Debug\liblpc_chip_175x_6x.a(uart_17xx_40xx.o) (RingBuffer_Insert)
d:/program_file/mcuxpressoide_10.2.1_795/ide/tools/bin/../lib/gcc/arm-none-eabi/7.2.1/thumb/v7-m\libgcc.a(_arm_addsubdf3.o)
                              ./src/heat.o (__aeabi_dadd)
d:/program_file/mcuxpressoide_10.2.1_795/ide/tools/bin/../lib/gcc/arm-none-eabi/7.2.1/thumb/v7-m\libgcc.a(_arm_muldivdf3.o)
                              ./src/heat.o (__aeabi_dmul)
d:/program_file/mcuxpressoide_10.2.1_795/ide/tools/bin/../lib/gcc/arm-none-eabi/7.2.1/thumb/v7-m\libgcc.a(_arm_truncdfsf2.o)
                              ./src/heat.o (__aeabi_d2f)
d:/program_file/mcuxpressoide_10.2.1_795/ide/tools/bin/../lib/gcc/arm-none-eabi/7.2.1/thumb/v7-m\libgcc.a(_arm_addsubsf3.o)
                              ./src/PID.o (__aeabi_fsub)
d:/program_file/mcuxpressoide_10.2.1_795/ide/tools/bin/../lib/gcc/arm-none-eabi/7.2.1/thumb/v7-m\libgcc.a(_arm_muldivsf3.o)
                              ./src/PID.o (__aeabi_fmul)
d:/program_file/mcuxpressoide_10.2.1_795/ide/tools/bin/../lib/gcc/arm-none-eabi/7.2.1/thumb/v7-m\libgcc.a(_arm_cmpsf2.o)
                              ./src/PID.o (__aeabi_fcmplt)
d:/program_file/mcuxpressoide_10.2.1_795/ide/tools/bin/../lib/gcc/arm-none-eabi/7.2.1/thumb/v7-m\libgcc.a(_arm_fixsfsi.o)
                              ./src/PID.o (__aeabi_f2iz)
d:/program_file/mcuxpressoide_10.2.1_795/ide/tools/bin/../lib/gcc/arm-none-eabi/7.2.1/thumb/v7-m\libgcc.a(_arm_fixunssfsi.o)
                              ./src/heat.o (__aeabi_f2uiz)
d:/program_file/mcuxpressoide_10.2.1_795/ide/tools/bin/../lib/gcc/arm-none-eabi/7.2.1/thumb/v7-m\libgcc.a(_aeabi_uldivmod.o)
                              ./src/fonctionsLPC.o (__aeabi_uldivmod)
d:/program_file/mcuxpressoide_10.2.1_795/ide/tools/bin/../lib/gcc/arm-none-eabi/7.2.1/thumb/v7-m\libgcc.a(_udivmoddi4.o)
                              d:/program_file/mcuxpressoide_10.2.1_795/ide/tools/bin/../lib/gcc/arm-none-eabi/7.2.1/thumb/v7-m\libgcc.a(_aeabi_uldivmod.o) (__udivmoddi4)
d:/program_file/mcuxpressoide_10.2.1_795/ide/tools/bin/../lib/gcc/arm-none-eabi/7.2.1/thumb/v7-m\libgcc.a(_dvmd_tls.o)
                              d:/program_file/mcuxpressoide_10.2.1_795/ide/tools/bin/../lib/gcc/arm-none-eabi/7.2.1/thumb/v7-m\libgcc.a(_aeabi_uldivmod.o) (__aeabi_ldiv0)
[...]
Memory Configuration

Name             Origin             Length             Attributes
MFlash512        0x00000000         0x00080000         xr
RamLoc32         0x10000000         0x00008000         xrw
RamAHB32         0x2007c000         0x00008000         xrw
*default*        0x00000000         0xffffffff

Linker script and memory map

LOAD ./src/My3DPrinter.o
LOAD ./src/PID.o
LOAD ./src/UART2.o
LOAD ./src/cr_cpp_config.o
LOAD ./src/cr_startup_lpc175x_6x.o
LOAD ./src/crp.o
LOAD ./src/error.o
LOAD ./src/ff.o
LOAD ./src/ffsystem.o
LOAD ./src/ffunicode.o
LOAD ./src/fonctionsLPC.o
LOAD ./src/heat.o
LOAD ./src/interrupt.o
LOAD ./src/mmc.o
LOAD ./src/motorclass.o
LOAD ./src/printer3dclass.o
LOAD ./src/serialinterface.o
LOAD ./src/spi.o
LOAD ./src/sysinit.o
LOAD C:\Users\Julien\Dropbox\Cegep3Annee\3DPrinterProject\workPlaceCode\lpc_board_nxp_lpcxpresso_1769\Debug\liblpc_board_nxp_lpcxpresso_1769.a
LOAD C:\Users\Julien\Dropbox\Cegep3Annee\3DPrinterProject\workPlaceCode\lpc_chip_175x_6x\Debug\liblpc_chip_175x_6x.a
START GROUP
LOAD d:/program_file/mcuxpressoide_10.2.1_795/ide/tools/bin/../lib/gcc/arm-none-eabi/7.2.1/thumb/v7-m\libgcc.a
LOAD d:/program_file/mcuxpressoide_10.2.1_795/ide/tools/bin/../lib/gcc/arm-none-eabi/7.2.1/../../../../arm-none-eabi/lib/thumb/v7-m\libc.a
LOAD d:/program_file/mcuxpressoide_10.2.1_795/ide/tools/bin/../lib/gcc/arm-none-eabi/7.2.1/../../../../arm-none-eabi/lib/thumb/v7-m\libstdc++.a
LOAD d:/program_file/mcuxpressoide_10.2.1_795/ide/tools/bin/../lib/gcc/arm-none-eabi/7.2.1/../../../../arm-none-eabi/lib/thumb/v7-m\libm.a
LOAD d:/program_file/mcuxpressoide_10.2.1_795/ide/tools/bin/../lib/gcc/arm-none-eabi/7.2.1/../../../../arm-none-eabi/lib/thumb/v7-m\libcr_newlib_nohost.a
LOAD d:/program_file/mcuxpressoide_10.2.1_795/ide/tools/bin/../lib/gcc/arm-none-eabi/7.2.1/thumb/v7-m\crti.o
LOAD d:/program_file/mcuxpressoide_10.2.1_795/ide/tools/bin/../lib/gcc/arm-none-eabi/7.2.1/thumb/v7-m\crtn.o
LOAD d:/program_file/mcuxpressoide_10.2.1_795/ide/tools/bin/../lib/gcc/arm-none-eabi/7.2.1/thumb/v7-m\crtbegin.o
LOAD d:/program_file/mcuxpressoide_10.2.1_795/ide/tools/bin/../lib/gcc/arm-none-eabi/7.2.1/thumb/v7-m\crtend.o
END GROUP
                0x00000000                __base_MFlash512 = 0x0
                0x00000000                __base_Flash = 0x0
                0x00080000                __top_MFlash512 = 0x80000
                0x00080000                __top_Flash = 0x80000
                0x10000000                __base_RamLoc32 = 0x10000000
                0x10000000                __base_RAM = 0x10000000
                0x10008000                __top_RamLoc32 = 0x10008000
                0x10008000                __top_RAM = 0x10008000
                0x2007c000                __base_RamAHB32 = 0x2007c000
                0x2007c000                __base_RAM2 = 0x2007c000
                0x20084000                __top_RamAHB32 = 0x20084000
                0x20084000                __top_RAM2 = 0x20084000

.text           0x00000000     0x942c
 FILL mask 0xff
                0x00000000                __vectors_start__ = ABSOLUTE (.)
 *(.isr_vector)
 .isr_vector    0x00000000       0xcc ./src/cr_startup_lpc175x_6x.o
                0x00000000                g_pfnVectors
                0x000000cc                . = ALIGN (0x4)
                0x000000cc                __section_table_start = .
                0x000000cc                __data_section_table = .
                0x000000cc        0x4 LONG 0x96fc LOADADDR (.data)
                0x000000d0        0x4 LONG 0x10000000 ADDR (.data)
                0x000000d4        0x4 LONG 0x84c SIZEOF (.data)
                0x000000d8        0x4 LONG 0x96fc LOADADDR (.data_RAM2)
                0x000000dc        0x4 LONG 0x2007c000 ADDR (.data_RAM2)
                0x000000e0        0x4 LONG 0x0 SIZEOF (.data_RAM2)
                0x000000e4                __data_section_table_end = .
                0x000000e4                __bss_section_table = .
                0x000000e4        0x4 LONG 0x1000084c ADDR (.bss)
                0x000000e8        0x4 LONG 0x3930 SIZEOF (.bss)
                0x000000ec        0x4 LONG 0x2007c000 ADDR (.bss_RAM2)
                0x000000f0        0x4 LONG 0x0 SIZEOF (.bss_RAM2)
                0x000000f4                __bss_section_table_end = .
                0x000000f4                __section_table_end = .
 *(.after_vectors*)
 .after_vectors
                0x000000f4      0x130 ./src/cr_startup_lpc175x_6x.o
                0x000000f4                data_init(unsigned int, unsigned int, unsigned int)
                0x00000136                bss_init(unsigned int, unsigned int)
                0x0000016c                ResetISR
                0x000001e8                NMI_Handler
                0x000001ee                HardFault_Handler
                0x000001f4                MemManage_Handler
                0x000001fa                BusFault_Handler
                0x00000200                UsageFault_Handler
                0x00000206                SVC_Handler
                0x0000020c                DebugMon_Handler
                0x00000212                PendSV_Handler
                0x0000021e                UART0_IRQHandler
                0x0000021e                UART1_IRQHandler
                0x0000021e                IntDefaultHandler
                0x0000021e                PLL0_IRQHandler
                0x0000021e                CAN_IRQHandler
                0x0000021e                PLL1_IRQHandler
                0x0000021e                SSP0_IRQHandler
                0x0000021e                I2S_IRQHandler
                0x0000021e                EINT2_IRQHandler
                0x0000021e                RTC_IRQHandler
                0x0000021e                SPI_IRQHandler
                0x0000021e                EINT1_IRQHandler
                0x0000021e                ADC_IRQHandler
                0x0000021e                SSP1_IRQHandler
                0x0000021e                I2C1_IRQHandler
                0x0000021e                USB_IRQHandler
                0x0000021e                BOD_IRQHandler
                0x0000021e                CANActivity_IRQHandler
                0x0000021e                PWM1_IRQHandler
                0x0000021e                WDT_IRQHandler
                0x0000021e                USBActivity_IRQHandler
                0x0000021e                QEI_IRQHandler
                0x0000021e                EINT0_IRQHandler
                0x0000021e                ETH_IRQHandler
                0x0000021e                I2C0_IRQHandler
                0x0000021e                DMA_IRQHandler
                0x0000021e                I2C2_IRQHandler
                0x0000021e                UART3_IRQHandler
                0x0000021e                MCPWM_IRQHandler
                0x000002fc                . = 0x2fc
 *fill*         0x00000224       0xd8 ff
                0x000002fc                PROVIDE (__CRP_WORD_START__, .)
 *(.crp)
 .crp           0x000002fc        0x4 ./src/crp.o
                0x000002fc                CRP_WORD
                0x00000300                PROVIDE (__CRP_WORD_END__, .)
                0x00000001                ASSERT (! ((__CRP_WORD_START__ == __CRP_WORD_END__)), Linker CRP Enabled, but no CRP_WORD provided within application)
 *(.text*)
 .text.main     0x00000300       0x38 ./src/My3DPrinter.o
                0x00000300                main
 .text._ZN5PID_cC2Effffi
                0x00000338       0x8c ./src/PID.o
                0x00000338                PID_c::PID_c(float, float, float, float, int)
                0x00000338                PID_c::PID_c(float, float, float, float, int)
 .text._ZN5PID_c7computeEh
                0x000003c4      0x158 ./src/PID.o
                0x000003c4                PID_c::compute(unsigned char)
 .text._ZN5PID_c12setObjectiveEh
                0x0000051c       0x1c ./src/PID.o
                0x0000051c                PID_c::setObjective(unsigned char)
 .text.UART2_IRQHandler
                0x00000538       0x38 ./src/UART2.o
                0x00000538                UART2_IRQHandler
 .text._ZN6Uart_2C2EP8rxData_t
                0x00000570      0x104 ./src/UART2.o
                0x00000570                Uart_2::Uart_2(rxData_t*)
                0x00000570                Uart_2::Uart_2(rxData_t*)
 .text._ZN6Uart_28sendByteEc
                0x00000674       0x3c ./src/UART2.o
                0x00000674                Uart_2::sendByte(char)
 .text._ZN6Uart_210sendStringEPKc
                0x000006b0       0x3a ./src/UART2.o
                0x000006b0                Uart_2::sendString(char const*)
 .text._ZN6Uart_27sendTblEPcm
                0x000006ea       0x38 ./src/UART2.o
                0x000006ea                Uart_2::sendTbl(char*, unsigned long)
 *fill*         0x00000722        0x2 ff
 .text._ZN6Uart_25GetRxEv
                0x00000724       0x34 ./src/UART2.o
                0x00000724                Uart_2::GetRx()
 .text._ZN6Uart_29dataReadyEv
                0x00000758       0x2c ./src/UART2.o
                0x00000758                Uart_2::dataReady()
 .text._Znwj    0x00000784       0x18 ./src/cr_cpp_config.o
                0x00000784                operator new(unsigned int)
 .text._ZdlPv   0x0000079c       0x16 ./src/cr_cpp_config.o
                0x0000079c                operator delete(void*)
 .text._ZN9__gnu_cxx27__verbose_terminate_handlerEv
                0x000007b2        0x6 ./src/cr_cpp_config.o
                0x000007b2                __gnu_cxx::__verbose_terminate_handler()
 .text._Z15convNumToStringyPc
                0x000007b8      0x10c ./src/fonctionsLPC.o
                0x000007b8                convNumToString(unsigned long long, char*)
 .text._Z5powermh
                0x000008c4       0x4a ./src/fonctionsLPC.o
                0x000008c4                power(unsigned long, unsigned char)
 .text._Z15convStringToNumPci
                0x0000090e       0xa0 ./src/fonctionsLPC.o
                0x0000090e                convStringToNum(char*, int)
 .text._Z3absl  0x000009ae       0x20 ./src/fonctionsLPC.o
                0x000009ae                abs(long)
 *fill*         0x000009ce        0x2 ff
 .text._ZN6heat_cC2Ev
                0x000009d0      0x180 ./src/heat.o
                0x000009d0                heat_c::heat_c()
                0x000009d0                heat_c::heat_c()
 .text._ZN6heat_c7newTempE12heatSource_eh
                0x00000b50       0x2c ./src/heat.o
                0x00000b50                heat_c::newTemp(heatSource_e, unsigned char)
 .text._ZN6heat_c10computePIDE12heatSource_eh
                0x00000b7c       0x64 ./src/heat.o
                0x00000b7c                heat_c::computePID(heatSource_e, unsigned char)
 .text._ZN6heat_c7getHeatE12heatSource_e
                0x00000be0       0x84 ./src/heat.o
                0x00000be0                heat_c::getHeat(heatSource_e)
 .text._ZSt3logImEN9__gnu_cxx11__enable_ifIXsrSt12__is_integerIT_E7__valueEdE6__typeES3_
                0x00000c64       0x28 ./src/heat.o
                0x00000c64                __gnu_cxx::__enable_if<std::__is_integer<unsigned long>::__value, double>::__type std::log<unsigned long>(unsigned long)
 .text.RIT_IRQHandler
                0x00000c8c       0xd4 ./src/interrupt.o
                0x00000c8c                RIT_IRQHandler
 .text.SysTick_Handler
                0x00000d60       0x74 ./src/interrupt.o
                0x00000d60                SysTick_Handler
 .text.EINT3_IRQHandler
                0x00000dd4       0xe4 ./src/interrupt.o
                0x00000dd4                EINT3_IRQHandler
 .text._ZN10motorsXYEZC2Ev
                0x00000eb8      0x360 ./src/motorclass.o
                0x00000eb8                motorsXYEZ::motorsXYEZ()
                0x00000eb8                motorsXYEZ::motorsXYEZ()
 .text._ZN10motorsXYEZ4stepE14motorLetters_e
                0x00001218      0x110 ./src/motorclass.o
                0x00001218                motorsXYEZ::step(motorLetters_e)
 .text._ZN10motorsXYEZ9changeDirE14motorLetters_eb
                0x00001328       0x90 ./src/motorclass.o
                0x00001328                motorsXYEZ::changeDir(motorLetters_e, bool)
 .text._ZN10motorsXYEZ8sleepXYEEb
                0x000013b8       0x48 ./src/motorclass.o
                0x000013b8                motorsXYEZ::sleepXYE(bool)
 .text._ZN10motorsXYEZ6sleepZEb
                0x00001400       0x48 ./src/motorclass.o
                0x00001400                motorsXYEZ::sleepZ(bool)
 .text.TIMER0_IRQHandler
                0x00001448       0x24 ./src/motorclass.o
                0x00001448                TIMER0_IRQHandler
 .text.TIMER1_IRQHandler
                0x0000146c       0x24 ./src/motorclass.o
                0x0000146c                TIMER1_IRQHandler
 .text.TIMER2_IRQHandler
                0x00001490       0x24 ./src/motorclass.o
                0x00001490                TIMER2_IRQHandler
 .text.TIMER3_IRQHandler
                0x000014b4       0x24 ./src/motorclass.o
                0x000014b4                TIMER3_IRQHandler
 .text._ZN9printer3dC2Ev
                0x000014d8      0x1bc ./src/printer3dclass.o
                0x000014d8                printer3d::printer3d()
                0x000014d8                printer3d::printer3d()
 .text._ZN9printer3d11printerMainEv
                0x00001694      0x128 ./src/printer3dclass.o
                0x00001694                printer3d::printerMain()
 .text._ZN9printer3d10tempSeekerEv
                0x000017bc       0x98 ./src/printer3dclass.o
                0x000017bc                printer3d::tempSeeker()
 .text._ZN9printer3d7executeEv
                0x00001854      0x460 ./src/printer3dclass.o
                0x00001854                printer3d::execute()
 .text._ZN9printer3d6readSDEPc
                0x00001cb4       0x14 ./src/printer3dclass.o
                0x00001cb4                printer3d::readSD(char*)
 .text._ZN9printer3d5gcodeEPc
                0x00001cc8       0x58 ./src/printer3dclass.o
                0x00001cc8                printer3d::gcode(char*)
 .text._ZN9printer3d11executeStepEh
                0x00001d20       0x68 ./src/printer3dclass.o
                0x00001d20                printer3d::executeStep(unsigned char)
 .text._ZN9printer3d13g0g1ParameterEbP14gCodeDecoder_t
                0x00001d88      0x2e8 ./src/printer3dclass.o
                0x00001d88                printer3d::g0g1Parameter(bool, gCodeDecoder_t*)
 .text._ZN9printer3d9pixelDrawEbbbbb
                0x00002070      0x47c ./src/printer3dclass.o
                0x00002070                printer3d::pixelDraw(bool, bool, bool, bool, bool)
 .text._ZN9printer3d5GListEP14gCodeDecoder_t
                0x000024ec       0x54 ./src/printer3dclass.o
                0x000024ec                printer3d::GList(gCodeDecoder_t*)
 .text._ZL12gCodeDecoderP14gCodeDecoder_tPc
                0x00002540      0x184 ./src/printer3dclass.o
 .text._ZL14gCodeSimulatorPKc
                0x000026c4       0x70 ./src/printer3dclass.o
 .text._ZL14fillMoveStructP5map_thh
                0x00002734       0x88 ./src/printer3dclass.o
 .text._ZL9removeDotmm
                0x000027bc       0x8e ./src/printer3dclass.o
 .text._ZnwjPv  0x0000284a       0x16 ./src/serialinterface.o
                0x0000284a                operator new(unsigned int, void*)
 .text._ZN9serialIntC2Ec
                0x00002860      0x198 ./src/serialinterface.o
                0x00002860                serialInt::serialInt(char)
                0x00002860                serialInt::serialInt(char)
 .text._ZN9serialInt5getRxEv
                0x000029f8       0x3a ./src/serialinterface.o
                0x000029f8                serialInt::getRx()
 .text._ZN9serialInt10createLineEPKchyS1_bhh
                0x00002a32      0x7ca ./src/serialinterface.o
                0x00002a32                serialInt::createLine(char const*, unsigned char, unsigned long long, char const*, bool, unsigned char, unsigned char)
 .text._ZN9serialInt10updateLineEhy
                0x000031fc      0x408 ./src/serialinterface.o
                0x000031fc                serialInt::updateLine(unsigned char, unsigned long long)
 .text._ZN9serialInt14positionToLineEh
                0x00003604       0x84 ./src/serialinterface.o
                0x00003604                serialInt::positionToLine(unsigned char)
 .text._ZNSt6vectorI6line_tSaIS0_EEC2Ev
                0x00003688       0x1a ./src/serialinterface.o
                0x00003688                std::vector<line_t, std::allocator<line_t> >::vector()
                0x00003688                std::vector<line_t, std::allocator<line_t> >::vector()
 .text._ZNSt6vectorI6line_tSaIS0_EE9push_backERKS0_
                0x000036a2       0x4c ./src/serialinterface.o
                0x000036a2                std::vector<line_t, std::allocator<line_t> >::push_back(line_t const&)
 *fill*         0x000036ee        0x2 ff
 .text._ZNKSt6vectorI6line_tSaIS0_EE4sizeEv
                0x000036f0       0x2c ./src/serialinterface.o
                0x000036f0                std::vector<line_t, std::allocator<line_t> >::size() const
 .text._ZNSt6vectorI6line_tSaIS0_EEixEj
                0x0000371c       0x24 ./src/serialinterface.o
                0x0000371c                std::vector<line_t, std::allocator<line_t> >::operator[](unsigned int)
 .text._ZNSt12_Vector_baseI6line_tSaIS0_EEC2Ev
                0x00003740       0x1a ./src/serialinterface.o
                0x00003740                std::_Vector_base<line_t, std::allocator<line_t> >::_Vector_base()
                0x00003740                std::_Vector_base<line_t, std::allocator<line_t> >::_Vector_base()
 .text._ZNSt12_Vector_baseI6line_tSaIS0_EE19_M_get_Tp_allocatorEv
                0x0000375a       0x14 ./src/serialinterface.o
                0x0000375a                std::_Vector_base<line_t, std::allocator<line_t> >::_M_get_Tp_allocator()
 .text._ZSt8_DestroyIP6line_tS0_EvT_S2_RSaIT0_E
                0x0000376e       0x1c ./src/serialinterface.o
                0x0000376e                void std::_Destroy<line_t*, line_t>(line_t*, line_t*, std::allocator<line_t>&)
 .text._ZSt7forwardIRK6line_tEOT_RNSt16remove_referenceIS3_E4typeE
                0x0000378a       0x14 ./src/serialinterface.o
                0x0000378a                line_t const& std::forward<line_t const&>(std::remove_reference<line_t const&>::type&)
 .text._ZNSt16allocator_traitsISaI6line_tEE9constructIS0_JRKS0_EEEvRS1_PT_DpOT0_
                0x0000379e       0x26 ./src/serialinterface.o
                0x0000379e                void std::allocator_traits<std::allocator<line_t> >::construct<line_t, line_t const&>(std::allocator<line_t>&, line_t*, line_t const&)
 .text._ZNSt6vectorI6line_tSaIS0_EE3endEv
                0x000037c4       0x22 ./src/serialinterface.o
                0x000037c4                std::vector<line_t, std::allocator<line_t> >::end()
 *fill*         0x000037e6        0x2 ff
 .text._ZNSt6vectorI6line_tSaIS0_EE17_M_realloc_insertIJRKS0_EEEvN9__gnu_cxx17__normal_iteratorIPS0_S2_EEDpOT_
                0x000037e8      0x130 ./src/serialinterface.o
                0x000037e8                void std::vector<line_t, std::allocator<line_t> >::_M_realloc_insert<line_t const&>(__gnu_cxx::__normal_iterator<line_t*, std::vector<line_t, std::allocator<line_t> > >, line_t const&)
 .text._ZNSt12_Vector_baseI6line_tSaIS0_EE12_Vector_implC2Ev
                0x00003918       0x2a ./src/serialinterface.o
                0x00003918                std::_Vector_base<line_t, std::allocator<line_t> >::_Vector_impl::_Vector_impl()
                0x00003918                std::_Vector_base<line_t, std::allocator<line_t> >::_Vector_impl::_Vector_impl()
 .text._ZNSt12_Vector_baseI6line_tSaIS0_EE13_M_deallocateEPS0_j
                0x00003942       0x26 ./src/serialinterface.o
                0x00003942                std::_Vector_base<line_t, std::allocator<line_t> >::_M_deallocate(line_t*, unsigned int)
 .text._ZSt8_DestroyIP6line_tEvT_S2_
                0x00003968       0x1a ./src/serialinterface.o
                0x00003968                void std::_Destroy<line_t*>(line_t*, line_t*)
 .text._ZN9__gnu_cxx13new_allocatorI6line_tE9constructIS1_JRKS1_EEEvPT_DpOT0_
                0x00003982       0x38 ./src/serialinterface.o
                0x00003982                void __gnu_cxx::new_allocator<line_t>::construct<line_t, line_t const&>(line_t*, line_t const&)
 .text._ZN9__gnu_cxx17__normal_iteratorIP6line_tSt6vectorIS1_SaIS1_EEEC2ERKS2_
                0x000039ba       0x1e ./src/serialinterface.o
                0x000039ba                __gnu_cxx::__normal_iterator<line_t*, std::vector<line_t, std::allocator<line_t> > >::__normal_iterator(line_t* const&)
                0x000039ba                __gnu_cxx::__normal_iterator<line_t*, std::vector<line_t, std::allocator<line_t> > >::__normal_iterator(line_t* const&)
 .text._ZNKSt6vectorI6line_tSaIS0_EE12_M_check_lenEjPKc
                0x000039d8       0x90 ./src/serialinterface.o
                0x000039d8                std::vector<line_t, std::allocator<line_t> >::_M_check_len(unsigned int, char const*) const
 .text._ZNSt6vectorI6line_tSaIS0_EE5beginEv
                0x00003a68       0x20 ./src/serialinterface.o
                0x00003a68                std::vector<line_t, std::allocator<line_t> >::begin()
 .text._ZN9__gnu_cxxmiIP6line_tSt6vectorIS1_SaIS1_EEEENS_17__normal_iteratorIT_T0_E15difference_typeERKS9_SC_
                0x00003a88       0x38 ./src/serialinterface.o
                0x00003a88                __gnu_cxx::__normal_iterator<line_t*, std::vector<line_t, std::allocator<line_t> > >::difference_type __gnu_cxx::operator-<line_t*, std::vector<line_t, std::allocator<line_t> > >(__gnu_cxx::__normal_iterator<line_t*, std::vector<line_t, std::allocator<line_t> > > const&, __gnu_cxx::__normal_iterator<line_t*, std::vector<line_t, std::allocator<line_t> > > const&)
 .text._ZNSt12_Vector_baseI6line_tSaIS0_EE11_M_allocateEj
                0x00003ac0       0x28 ./src/serialinterface.o
                0x00003ac0                std::_Vector_base<line_t, std::allocator<line_t> >::_M_allocate(unsigned int)
 .text._ZNK9__gnu_cxx17__normal_iteratorIP6line_tSt6vectorIS1_SaIS1_EEE4baseEv
                0x00003ae8       0x14 ./src/serialinterface.o
                0x00003ae8                __gnu_cxx::__normal_iterator<line_t*, std::vector<line_t, std::allocator<line_t> > >::base() const
 .text._ZSt34__uninitialized_move_if_noexcept_aIP6line_tS1_SaIS0_EET0_T_S4_S3_RT1_
                0x00003afc       0x32 ./src/serialinterface.o
                0x00003afc                line_t* std::__uninitialized_move_if_noexcept_a<line_t*, line_t*, std::allocator<line_t> >(line_t*, line_t*, line_t*, std::allocator<line_t>&)
 .text._ZNSaI6line_tEC2Ev
                0x00003b2e       0x18 ./src/serialinterface.o
                0x00003b2e                std::allocator<line_t>::allocator()
                0x00003b2e                std::allocator<line_t>::allocator()
 .text._ZNSt16allocator_traitsISaI6line_tEE10deallocateERS1_PS0_j
                0x00003b46       0x1e ./src/serialinterface.o
                0x00003b46                std::allocator_traits<std::allocator<line_t> >::deallocate(std::allocator<line_t>&, line_t*, unsigned int)
 .text._ZNSt12_Destroy_auxILb1EE9__destroyIP6line_tEEvT_S4_
                0x00003b64       0x14 ./src/serialinterface.o
                0x00003b64                void std::_Destroy_aux<true>::__destroy<line_t*>(line_t*, line_t*)
 .text._ZNKSt6vectorI6line_tSaIS0_EE8max_sizeEv
                0x00003b78       0x22 ./src/serialinterface.o
                0x00003b78                std::vector<line_t, std::allocator<line_t> >::max_size() const
 .text._ZSt3maxIjERKT_S2_S2_
                0x00003b9a       0x26 ./src/serialinterface.o
                0x00003b9a                unsigned int const& std::max<unsigned int>(unsigned int const&, unsigned int const&)
 .text._ZNSt16allocator_traitsISaI6line_tEE8allocateERS1_j
                0x00003bc0       0x1e ./src/serialinterface.o
                0x00003bc0                std::allocator_traits<std::allocator<line_t> >::allocate(std::allocator<line_t>&, unsigned int)
 .text._ZSt32__make_move_if_noexcept_iteratorI6line_tSt13move_iteratorIPS0_EET0_PT_
                0x00003bde       0x1e ./src/serialinterface.o
                0x00003bde                std::move_iterator<line_t*> std::__make_move_if_noexcept_iterator<line_t, std::move_iterator<line_t*> >(line_t*)
 .text._ZSt22__uninitialized_copy_aISt13move_iteratorIP6line_tES2_S1_ET0_T_S5_S4_RSaIT1_E
                0x00003bfc       0x22 ./src/serialinterface.o
                0x00003bfc                line_t* std::__uninitialized_copy_a<std::move_iterator<line_t*>, line_t*, line_t>(std::move_iterator<line_t*>, std::move_iterator<line_t*>, line_t*, std::allocator<line_t>&)
 .text._ZN9__gnu_cxx13new_allocatorI6line_tEC2Ev
                0x00003c1e       0x14 ./src/serialinterface.o
                0x00003c1e                __gnu_cxx::new_allocator<line_t>::new_allocator()
                0x00003c1e                __gnu_cxx::new_allocator<line_t>::new_allocator()
 .text._ZN9__gnu_cxx13new_allocatorI6line_tE10deallocateEPS1_j
                0x00003c32       0x1a ./src/serialinterface.o
                0x00003c32                __gnu_cxx::new_allocator<line_t>::deallocate(line_t*, unsigned int)
 .text._ZNSt16allocator_traitsISaI6line_tEE8max_sizeERKS1_
                0x00003c4c       0x18 ./src/serialinterface.o
                0x00003c4c                std::allocator_traits<std::allocator<line_t> >::max_size(std::allocator<line_t> const&)
 .text._ZNKSt12_Vector_baseI6line_tSaIS0_EE19_M_get_Tp_allocatorEv
                0x00003c64       0x14 ./src/serialinterface.o
                0x00003c64                std::_Vector_base<line_t, std::allocator<line_t> >::_M_get_Tp_allocator() const
 .text._ZN9__gnu_cxx13new_allocatorI6line_tE8allocateEjPKv
                0x00003c78       0x42 ./src/serialinterface.o
                0x00003c78                __gnu_cxx::new_allocator<line_t>::allocate(unsigned int, void const*)
 .text._ZNSt13move_iteratorIP6line_tEC2ES1_
                0x00003cba       0x1c ./src/serialinterface.o
                0x00003cba                std::move_iterator<line_t*>::move_iterator(line_t*)
                0x00003cba                std::move_iterator<line_t*>::move_iterator(line_t*)
 .text._ZSt18uninitialized_copyISt13move_iteratorIP6line_tES2_ET0_T_S5_S4_
                0x00003cd6       0x24 ./src/serialinterface.o
                0x00003cd6                line_t* std::uninitialized_copy<std::move_iterator<line_t*>, line_t*>(std::move_iterator<line_t*>, std::move_iterator<line_t*>, line_t*)
 *fill*         0x00003cfa        0x2 ff
 .text._ZNK9__gnu_cxx13new_allocatorI6line_tE8max_sizeEv
                0x00003cfc       0x18 ./src/serialinterface.o
                0x00003cfc                __gnu_cxx::new_allocator<line_t>::max_size() const
 .text._ZNSt20__uninitialized_copyILb1EE13__uninit_copyISt13move_iteratorIP6line_tES4_EET0_T_S7_S6_
                0x00003d14       0x20 ./src/serialinterface.o
                0x00003d14                line_t* std::__uninitialized_copy<true>::__uninit_copy<std::move_iterator<line_t*>, line_t*>(std::move_iterator<line_t*>, std::move_iterator<line_t*>, line_t*)
 .text._ZSt4copyISt13move_iteratorIP6line_tES2_ET0_T_S5_S4_
                0x00003d34       0x30 ./src/serialinterface.o
                0x00003d34                line_t* std::copy<std::move_iterator<line_t*>, line_t*>(std::move_iterator<line_t*>, std::move_iterator<line_t*>, line_t*)
 .text._ZSt12__miter_baseIP6line_tEDTcl12__miter_basecldtfp_4baseEEESt13move_iteratorIT_E
                0x00003d64       0x22 ./src/serialinterface.o
                0x00003d64                decltype (__miter_base(({parm#1}.base)())) std::__miter_base<line_t*>(std::move_iterator<line_t*>)
 .text._ZSt14__copy_move_a2ILb1EP6line_tS1_ET1_T0_S3_S2_
                0x00003d86       0x38 ./src/serialinterface.o
                0x00003d86                line_t* std::__copy_move_a2<true, line_t*, line_t*>(line_t*, line_t*, line_t*)
 .text._ZNKSt13move_iteratorIP6line_tE4baseEv
                0x00003dbe       0x16 ./src/serialinterface.o
                0x00003dbe                std::move_iterator<line_t*>::base() const
 .text._ZSt12__miter_baseIP6line_tET_S2_
                0x00003dd4       0x14 ./src/serialinterface.o
                0x00003dd4                line_t* std::__miter_base<line_t*>(line_t*)
 .text._ZSt12__niter_baseIP6line_tET_S2_
                0x00003de8       0x14 ./src/serialinterface.o
                0x00003de8                line_t* std::__niter_base<line_t*>(line_t*)
 .text._ZSt13__copy_move_aILb1EP6line_tS1_ET1_T0_S3_S2_
                0x00003dfc       0x24 ./src/serialinterface.o
                0x00003dfc                line_t* std::__copy_move_a<true, line_t*, line_t*>(line_t*, line_t*, line_t*)
 .text._ZNSt11__copy_moveILb1ELb1ESt26random_access_iterator_tagE8__copy_mI6line_tEEPT_PKS4_S7_S5_
                0x00003e20       0x54 ./src/serialinterface.o
                0x00003e20                line_t* std::__copy_move<true, true, std::random_access_iterator_tag>::__copy_m<line_t>(line_t const*, line_t const*, line_t*)
 .text.SystemInit
                0x00003e74       0x24 ./src/sysinit.o
                0x00003e74                SystemInit
 .text.Chip_IOCON_Init
                0x00003e98       0x16 C:\Users\Julien\Dropbox\Cegep3Annee\3DPrinterProject\workPlaceCode\lpc_board_nxp_lpcxpresso_1769\Debug\liblpc_board_nxp_lpcxpresso_1769.a(board.o)
 .text.Chip_GPIO_Init
                0x00003eae       0x16 C:\Users\Julien\Dropbox\Cegep3Annee\3DPrinterProject\workPlaceCode\lpc_board_nxp_lpcxpresso_1769\Debug\liblpc_board_nxp_lpcxpresso_1769.a(board.o)
 .text.Chip_GPIO_SetPinState
                0x00003ec4       0x64 C:\Users\Julien\Dropbox\Cegep3Annee\3DPrinterProject\workPlaceCode\lpc_board_nxp_lpcxpresso_1769\Debug\liblpc_board_nxp_lpcxpresso_1769.a(board.o)
 .text.Chip_GPIO_WritePortBit
                0x00003f28       0x2c C:\Users\Julien\Dropbox\Cegep3Annee\3DPrinterProject\workPlaceCode\lpc_board_nxp_lpcxpresso_1769\Debug\liblpc_board_nxp_lpcxpresso_1769.a(board.o)
 .text.Chip_GPIO_SetPinDIROutput
                0x00003f54       0x36 C:\Users\Julien\Dropbox\Cegep3Annee\3DPrinterProject\workPlaceCode\lpc_board_nxp_lpcxpresso_1769\Debug\liblpc_board_nxp_lpcxpresso_1769.a(board.o)
 .text.Chip_GPIO_SetPinDIRInput
                0x00003f8a       0x3a C:\Users\Julien\Dropbox\Cegep3Annee\3DPrinterProject\workPlaceCode\lpc_board_nxp_lpcxpresso_1769\Debug\liblpc_board_nxp_lpcxpresso_1769.a(board.o)
 .text.Chip_GPIO_SetPinDIR
                0x00003fc4       0x42 C:\Users\Julien\Dropbox\Cegep3Annee\3DPrinterProject\workPlaceCode\lpc_board_nxp_lpcxpresso_1769\Debug\liblpc_board_nxp_lpcxpresso_1769.a(board.o)
 .text.Chip_GPIO_WriteDirBit
                0x00004006       0x2e C:\Users\Julien\Dropbox\Cegep3Annee\3DPrinterProject\workPlaceCode\lpc_board_nxp_lpcxpresso_1769\Debug\liblpc_board_nxp_lpcxpresso_1769.a(board.o)
 .text.Chip_UART_ConfigData
                0x00004034       0x1a C:\Users\Julien\Dropbox\Cegep3Annee\3DPrinterProject\workPlaceCode\lpc_board_nxp_lpcxpresso_1769\Debug\liblpc_board_nxp_lpcxpresso_1769.a(board.o)
 *fill*         0x0000404e        0x2 ff
 .text.Board_LED_Init
                0x00004050       0x18 C:\Users\Julien\Dropbox\Cegep3Annee\3DPrinterProject\workPlaceCode\lpc_board_nxp_lpcxpresso_1769\Debug\liblpc_board_nxp_lpcxpresso_1769.a(board.o)
 .text.Board_UART_Init
                0x00004068       0x12 C:\Users\Julien\Dropbox\Cegep3Annee\3DPrinterProject\workPlaceCode\lpc_board_nxp_lpcxpresso_1769\Debug\liblpc_board_nxp_lpcxpresso_1769.a(board.o)
                0x00004068                Board_UART_Init
 *fill*         0x0000407a        0x2 ff
 .text.Board_Debug_Init
                0x0000407c       0x30 C:\Users\Julien\Dropbox\Cegep3Annee\3DPrinterProject\workPlaceCode\lpc_board_nxp_lpcxpresso_1769\Debug\liblpc_board_nxp_lpcxpresso_1769.a(board.o)
                0x0000407c                Board_Debug_Init
 .text.Board_LED_Set
                0x000040ac       0x30 C:\Users\Julien\Dropbox\Cegep3Annee\3DPrinterProject\workPlaceCode\lpc_board_nxp_lpcxpresso_1769\Debug\liblpc_board_nxp_lpcxpresso_1769.a(board.o)
                0x000040ac                Board_LED_Set
 .text.Board_Init
                0x000040dc       0x24 C:\Users\Julien\Dropbox\Cegep3Annee\3DPrinterProject\workPlaceCode\lpc_board_nxp_lpcxpresso_1769\Debug\liblpc_board_nxp_lpcxpresso_1769.a(board.o)
                0x000040dc                Board_Init
 .text.Chip_SYSCTL_SetFLASHAccess
                0x00004100       0x30 C:\Users\Julien\Dropbox\Cegep3Annee\3DPrinterProject\workPlaceCode\lpc_board_nxp_lpcxpresso_1769\Debug\liblpc_board_nxp_lpcxpresso_1769.a(board_sysinit.o)
 .text.Board_SetupMuxing
                0x00004130       0x1c C:\Users\Julien\Dropbox\Cegep3Annee\3DPrinterProject\workPlaceCode\lpc_board_nxp_lpcxpresso_1769\Debug\liblpc_board_nxp_lpcxpresso_1769.a(board_sysinit.o)
                0x00004130                Board_SetupMuxing
 .text.Board_SetupClocking
                0x0000414c       0x12 C:\Users\Julien\Dropbox\Cegep3Annee\3DPrinterProject\workPlaceCode\lpc_board_nxp_lpcxpresso_1769\Debug\liblpc_board_nxp_lpcxpresso_1769.a(board_sysinit.o)
                0x0000414c                Board_SetupClocking
 .text.Board_SystemInit
                0x0000415e       0x10 C:\Users\Julien\Dropbox\Cegep3Annee\3DPrinterProject\workPlaceCode\lpc_board_nxp_lpcxpresso_1769\Debug\liblpc_board_nxp_lpcxpresso_1769.a(board_sysinit.o)
                0x0000415e                Board_SystemInit
 *fill*         0x0000416e        0x2 ff
 .text.SystemCoreClockUpdate
                0x00004170       0x18 C:\Users\Julien\Dropbox\Cegep3Annee\3DPrinterProject\workPlaceCode\lpc_chip_175x_6x\Debug\liblpc_chip_175x_6x.a(chip_17xx_40xx.o)
                0x00004170                SystemCoreClockUpdate
 .text.Chip_Clock_IsMainPLLEnabled
                0x00004188       0x24 C:\Users\Julien\Dropbox\Cegep3Annee\3DPrinterProject\workPlaceCode\lpc_chip_175x_6x\Debug\liblpc_chip_175x_6x.a(clock_17xx_40xx.o)
 .text.Chip_Clock_IsMainPLLConnected
                0x000041ac       0x24 C:\Users\Julien\Dropbox\Cegep3Annee\3DPrinterProject\workPlaceCode\lpc_chip_175x_6x\Debug\liblpc_chip_175x_6x.a(clock_17xx_40xx.o)
 .text.Chip_Clock_FeedPLL
                0x000041d0       0x34 C:\Users\Julien\Dropbox\Cegep3Annee\3DPrinterProject\workPlaceCode\lpc_chip_175x_6x\Debug\liblpc_chip_175x_6x.a(clock_17xx_40xx.o)
 .text.Chip_Clock_GetMainPLLSource
                0x00004204       0x20 C:\Users\Julien\Dropbox\Cegep3Annee\3DPrinterProject\workPlaceCode\lpc_chip_175x_6x\Debug\liblpc_chip_175x_6x.a(clock_17xx_40xx.o)
 .text.Chip_Clock_GetMainOscRate
                0x00004224       0x14 C:\Users\Julien\Dropbox\Cegep3Annee\3DPrinterProject\workPlaceCode\lpc_chip_175x_6x\Debug\liblpc_chip_175x_6x.a(clock_17xx_40xx.o)
 .text.Chip_Clock_GetIntOscRate
                0x00004238       0x14 C:\Users\Julien\Dropbox\Cegep3Annee\3DPrinterProject\workPlaceCode\lpc_chip_175x_6x\Debug\liblpc_chip_175x_6x.a(clock_17xx_40xx.o)
 .text.Chip_Clock_GetRTCOscRate
                0x0000424c       0x14 C:\Users\Julien\Dropbox\Cegep3Annee\3DPrinterProject\workPlaceCode\lpc_chip_175x_6x\Debug\liblpc_chip_175x_6x.a(clock_17xx_40xx.o)
 .text.Chip_Clock_GetMainPLLInClockRate
                0x00004260        0xe C:\Users\Julien\Dropbox\Cegep3Annee\3DPrinterProject\workPlaceCode\lpc_chip_175x_6x\Debug\liblpc_chip_175x_6x.a(clock_17xx_40xx.o)
 *fill*         0x0000426e        0x2 ff
 .text.Chip_Clock_EnablePLL
                0x00004270       0x44 C:\Users\Julien\Dropbox\Cegep3Annee\3DPrinterProject\workPlaceCode\lpc_chip_175x_6x\Debug\liblpc_chip_175x_6x.a(clock_17xx_40xx.o)
                0x00004270                Chip_Clock_EnablePLL
 .text.Chip_Clock_DisablePLL
                0x000042b4       0x48 C:\Users\Julien\Dropbox\Cegep3Annee\3DPrinterProject\workPlaceCode\lpc_chip_175x_6x\Debug\liblpc_chip_175x_6x.a(clock_17xx_40xx.o)
                0x000042b4                Chip_Clock_DisablePLL
 .text.Chip_Clock_SetupPLL
                0x000042fc       0x5c C:\Users\Julien\Dropbox\Cegep3Annee\3DPrinterProject\workPlaceCode\lpc_chip_175x_6x\Debug\liblpc_chip_175x_6x.a(clock_17xx_40xx.o)
                0x000042fc                Chip_Clock_SetupPLL
 .text.Chip_Clock_EnablePeriphClock
                0x00004358       0x34 C:\Users\Julien\Dropbox\Cegep3Annee\3DPrinterProject\workPlaceCode\lpc_chip_175x_6x\Debug\liblpc_chip_175x_6x.a(clock_17xx_40xx.o)
                0x00004358                Chip_Clock_EnablePeriphClock
 .text.Chip_Clock_GetCPUClockSource
                0x0000438c       0x24 C:\Users\Julien\Dropbox\Cegep3Annee\3DPrinterProject\workPlaceCode\lpc_chip_175x_6x\Debug\liblpc_chip_175x_6x.a(clock_17xx_40xx.o)
                0x0000438c                Chip_Clock_GetCPUClockSource
 .text.Chip_Clock_SetCPUClockDiv
                0x000043b0       0x20 C:\Users\Julien\Dropbox\Cegep3Annee\3DPrinterProject\workPlaceCode\lpc_chip_175x_6x\Debug\liblpc_chip_175x_6x.a(clock_17xx_40xx.o)
                0x000043b0                Chip_Clock_SetCPUClockDiv
 .text.Chip_Clock_GetCPUClockDiv
                0x000043d0       0x1c C:\Users\Julien\Dropbox\Cegep3Annee\3DPrinterProject\workPlaceCode\lpc_chip_175x_6x\Debug\liblpc_chip_175x_6x.a(clock_17xx_40xx.o)
                0x000043d0                Chip_Clock_GetCPUClockDiv
 .text.Chip_Clock_GetPCLKDiv
                0x000043ec       0x8c C:\Users\Julien\Dropbox\Cegep3Annee\3DPrinterProject\workPlaceCode\lpc_chip_175x_6x\Debug\liblpc_chip_175x_6x.a(clock_17xx_40xx.o)
                0x000043ec                Chip_Clock_GetPCLKDiv
 .text.Chip_Clock_GetSYSCLKRate
                0x00004478       0x34 C:\Users\Julien\Dropbox\Cegep3Annee\3DPrinterProject\workPlaceCode\lpc_chip_175x_6x\Debug\liblpc_chip_175x_6x.a(clock_17xx_40xx.o)
                0x00004478                Chip_Clock_GetSYSCLKRate
 .text.Chip_Clock_GetMainPLLOutClockRate
                0x000044ac       0x54 C:\Users\Julien\Dropbox\Cegep3Annee\3DPrinterProject\workPlaceCode\lpc_chip_175x_6x\Debug\liblpc_chip_175x_6x.a(clock_17xx_40xx.o)
                0x000044ac                Chip_Clock_GetMainPLLOutClockRate
 .text.Chip_Clock_GetMainClockRate
                0x00004500       0x28 C:\Users\Julien\Dropbox\Cegep3Annee\3DPrinterProject\workPlaceCode\lpc_chip_175x_6x\Debug\liblpc_chip_175x_6x.a(clock_17xx_40xx.o)
                0x00004500                Chip_Clock_GetMainClockRate
 .text.Chip_Clock_GetSystemClockRate
                0x00004528       0x18 C:\Users\Julien\Dropbox\Cegep3Annee\3DPrinterProject\workPlaceCode\lpc_chip_175x_6x\Debug\liblpc_chip_175x_6x.a(clock_17xx_40xx.o)
                0x00004528                Chip_Clock_GetSystemClockRate
 .text.Chip_Clock_GetPeripheralClockRate
                0x00004540       0x26 C:\Users\Julien\Dropbox\Cegep3Annee\3DPrinterProject\workPlaceCode\lpc_chip_175x_6x\Debug\liblpc_chip_175x_6x.a(clock_17xx_40xx.o)
                0x00004540                Chip_Clock_GetPeripheralClockRate
 .text.Chip_IOCON_PinMuxSet
                0x00004566       0x36 C:\Users\Julien\Dropbox\Cegep3Annee\3DPrinterProject\workPlaceCode\lpc_chip_175x_6x\Debug\liblpc_chip_175x_6x.a(iocon_17xx_40xx.o)
                0x00004566                Chip_IOCON_PinMuxSet
 .text.Chip_IOCON_PinMux
                0x0000459c       0x94 C:\Users\Julien\Dropbox\Cegep3Annee\3DPrinterProject\workPlaceCode\lpc_chip_175x_6x\Debug\liblpc_chip_175x_6x.a(iocon_17xx_40xx.o)
                0x0000459c                Chip_IOCON_PinMux
 .text.Chip_IOCON_SetPinMuxing
                0x00004630       0x62 C:\Users\Julien\Dropbox\Cegep3Annee\3DPrinterProject\workPlaceCode\lpc_chip_175x_6x\Debug\liblpc_chip_175x_6x.a(iocon_17xx_40xx.o)
                0x00004630                Chip_IOCON_SetPinMuxing
 *fill*         0x00004692        0x2 ff
 .text.Chip_Clock_IsMainPLLEnabled
                0x00004694       0x24 C:\Users\Julien\Dropbox\Cegep3Annee\3DPrinterProject\workPlaceCode\lpc_chip_175x_6x\Debug\liblpc_chip_175x_6x.a(sysinit_17xx_40xx.o)
 .text.Chip_Clock_IsMainPLLLocked
                0x000046b8       0x24 C:\Users\Julien\Dropbox\Cegep3Annee\3DPrinterProject\workPlaceCode\lpc_chip_175x_6x\Debug\liblpc_chip_175x_6x.a(sysinit_17xx_40xx.o)
 .text.Chip_Clock_IsMainPLLConnected
                0x000046dc       0x24 C:\Users\Julien\Dropbox\Cegep3Annee\3DPrinterProject\workPlaceCode\lpc_chip_175x_6x\Debug\liblpc_chip_175x_6x.a(sysinit_17xx_40xx.o)
 .text.Chip_Clock_EnableCrystal
                0x00004700       0x20 C:\Users\Julien\Dropbox\Cegep3Annee\3DPrinterProject\workPlaceCode\lpc_chip_175x_6x\Debug\liblpc_chip_175x_6x.a(sysinit_17xx_40xx.o)
 .text.Chip_Clock_IsCrystalEnabled
                0x00004720       0x24 C:\Users\Julien\Dropbox\Cegep3Annee\3DPrinterProject\workPlaceCode\lpc_chip_175x_6x\Debug\liblpc_chip_175x_6x.a(sysinit_17xx_40xx.o)
 .text.Chip_Clock_SetMainPLLSource
                0x00004744       0x20 C:\Users\Julien\Dropbox\Cegep3Annee\3DPrinterProject\workPlaceCode\lpc_chip_175x_6x\Debug\liblpc_chip_175x_6x.a(sysinit_17xx_40xx.o)
 .text.Chip_SetupXtalClocking
                0x00004764       0x90 C:\Users\Julien\Dropbox\Cegep3Annee\3DPrinterProject\workPlaceCode\lpc_chip_175x_6x\Debug\liblpc_chip_175x_6x.a(sysinit_17xx_40xx.o)
                0x00004764                Chip_SetupXtalClocking
 .text.Chip_UART_SetupFIFOS
                0x000047f4       0x1a C:\Users\Julien\Dropbox\Cegep3Annee\3DPrinterProject\workPlaceCode\lpc_chip_175x_6x\Debug\liblpc_chip_175x_6x.a(uart_17xx_40xx.o)
 .text.Chip_UART_ConfigData
                0x0000480e       0x1a C:\Users\Julien\Dropbox\Cegep3Annee\3DPrinterProject\workPlaceCode\lpc_chip_175x_6x\Debug\liblpc_chip_175x_6x.a(uart_17xx_40xx.o)
 .text.Chip_UART_EnableDivisorAccess
                0x00004828       0x1e C:\Users\Julien\Dropbox\Cegep3Annee\3DPrinterProject\workPlaceCode\lpc_chip_175x_6x\Debug\liblpc_chip_175x_6x.a(uart_17xx_40xx.o)
 .text.Chip_UART_DisableDivisorAccess
                0x00004846       0x1e C:\Users\Julien\Dropbox\Cegep3Annee\3DPrinterProject\workPlaceCode\lpc_chip_175x_6x\Debug\liblpc_chip_175x_6x.a(uart_17xx_40xx.o)
 .text.Chip_UART_SetDivisorLatches
                0x00004864       0x26 C:\Users\Julien\Dropbox\Cegep3Annee\3DPrinterProject\workPlaceCode\lpc_chip_175x_6x\Debug\liblpc_chip_175x_6x.a(uart_17xx_40xx.o)
 *fill*         0x0000488a        0x2 ff
 .text.Chip_UART_GetClockIndex
                0x0000488c       0x50 C:\Users\Julien\Dropbox\Cegep3Annee\3DPrinterProject\workPlaceCode\lpc_chip_175x_6x\Debug\liblpc_chip_175x_6x.a(uart_17xx_40xx.o)
 .text.Chip_UART_GetClkIndex
                0x000048dc       0x50 C:\Users\Julien\Dropbox\Cegep3Annee\3DPrinterProject\workPlaceCode\lpc_chip_175x_6x\Debug\liblpc_chip_175x_6x.a(uart_17xx_40xx.o)
 .text.Chip_UART_Init
                0x0000492c       0x78 C:\Users\Julien\Dropbox\Cegep3Annee\3DPrinterProject\workPlaceCode\lpc_chip_175x_6x\Debug\liblpc_chip_175x_6x.a(uart_17xx_40xx.o)
                0x0000492c                Chip_UART_Init
 .text.Chip_UART_TXEnable
                0x000049a4       0x18 C:\Users\Julien\Dropbox\Cegep3Annee\3DPrinterProject\workPlaceCode\lpc_chip_175x_6x\Debug\liblpc_chip_175x_6x.a(uart_17xx_40xx.o)
                0x000049a4                Chip_UART_TXEnable
 .text.Chip_UART_TXDisable
                0x000049bc       0x18 C:\Users\Julien\Dropbox\Cegep3Annee\3DPrinterProject\workPlaceCode\lpc_chip_175x_6x\Debug\liblpc_chip_175x_6x.a(uart_17xx_40xx.o)
                0x000049bc                Chip_UART_TXDisable
 .text.Chip_UART_SetBaud
                0x000049d4       0x62 C:\Users\Julien\Dropbox\Cegep3Annee\3DPrinterProject\workPlaceCode\lpc_chip_175x_6x\Debug\liblpc_chip_175x_6x.a(uart_17xx_40xx.o)
                0x000049d4                Chip_UART_SetBaud
 *fill*         0x00004a36        0x2 ff
 .text          0x00004a38      0x378 d:/program_file/mcuxpressoide_10.2.1_795/ide/tools/bin/../lib/gcc/arm-none-eabi/7.2.1/thumb/v7-m\libgcc.a(_arm_addsubdf3.o)
                0x00004a38                __aeabi_drsub
                0x00004a40                __aeabi_dsub
                0x00004a40                __subdf3
                0x00004a44                __aeabi_dadd
                0x00004a44                __adddf3
                0x00004cbc                __floatunsidf
                0x00004cbc                __aeabi_ui2d
                0x00004cdc                __floatsidf
                0x00004cdc                __aeabi_i2d
                0x00004d00                __aeabi_f2d
                0x00004d00                __extendsfdf2
                0x00004d44                __floatundidf
                0x00004d44                __aeabi_ul2d
                0x00004d54                __floatdidf
                0x00004d54                __aeabi_l2d
 .text          0x00004db0      0x424 d:/program_file/mcuxpressoide_10.2.1_795/ide/tools/bin/../lib/gcc/arm-none-eabi/7.2.1/thumb/v7-m\libgcc.a(_arm_muldivdf3.o)
                0x00004db0                __aeabi_dmul
                0x00004db0                __muldf3
                0x00005004                __divdf3
                0x00005004                __aeabi_ddiv
 .text          0x000051d4       0xa0 d:/program_file/mcuxpressoide_10.2.1_795/ide/tools/bin/../lib/gcc/arm-none-eabi/7.2.1/thumb/v7-m\libgcc.a(_arm_truncdfsf2.o)
                0x000051d4                __truncdfsf2
                0x000051d4                __aeabi_d2f
 .text          0x00005274      0x21c d:/program_file/mcuxpressoide_10.2.1_795/ide/tools/bin/../lib/gcc/arm-none-eabi/7.2.1/thumb/v7-m\libgcc.a(_arm_addsubsf3.o)
                0x00005274                __aeabi_frsub
                0x0000527c                __subsf3
                0x0000527c                __aeabi_fsub
                0x00005280                __aeabi_fadd
                0x00005280                __addsf3
                0x000053e0                __aeabi_ui2f
                0x000053e0                __floatunsisf
                0x000053e8                __aeabi_i2f
                0x000053e8                __floatsisf
                0x00005404                __aeabi_ul2f
                0x00005404                __floatundisf
                0x00005414                __aeabi_l2f
                0x00005414                __floatdisf
 .text          0x00005490      0x2a0 d:/program_file/mcuxpressoide_10.2.1_795/ide/tools/bin/../lib/gcc/arm-none-eabi/7.2.1/thumb/v7-m\libgcc.a(_arm_muldivsf3.o)
                0x00005490                __mulsf3
                0x00005490                __aeabi_fmul
                0x000055f8                __aeabi_fdiv
                0x000055f8                __divsf3
 .text          0x00005730       0xec d:/program_file/mcuxpressoide_10.2.1_795/ide/tools/bin/../lib/gcc/arm-none-eabi/7.2.1/thumb/v7-m\libgcc.a(_arm_cmpsf2.o)
                0x00005730                __gesf2
                0x00005730                __gtsf2
                0x00005738                __lesf2
                0x00005738                __ltsf2
                0x00005740                __nesf2
                0x00005740                __eqsf2
                0x00005740                __cmpsf2
                0x000057a0                __aeabi_cfrcmple
                0x000057a8                __aeabi_cfcmpeq
                0x000057a8                __aeabi_cfcmple
                0x000057b8                __aeabi_fcmpeq
                0x000057cc                __aeabi_fcmplt
                0x000057e0                __aeabi_fcmple
                0x000057f4                __aeabi_fcmpge
                0x00005808                __aeabi_fcmpgt
 .text          0x0000581c       0x4c d:/program_file/mcuxpressoide_10.2.1_795/ide/tools/bin/../lib/gcc/arm-none-eabi/7.2.1/thumb/v7-m\libgcc.a(_arm_fixsfsi.o)
                0x0000581c                __aeabi_f2iz
                0x0000581c                __fixsfsi
 .text          0x00005868       0x40 d:/program_file/mcuxpressoide_10.2.1_795/ide/tools/bin/../lib/gcc/arm-none-eabi/7.2.1/thumb/v7-m\libgcc.a(_arm_fixunssfsi.o)
                0x00005868                __fixunssfsi
                0x00005868                __aeabi_f2uiz
 .text          0x000058a8       0x30 d:/program_file/mcuxpressoide_10.2.1_795/ide/tools/bin/../lib/gcc/arm-none-eabi/7.2.1/thumb/v7-m\libgcc.a(_aeabi_uldivmod.o)
                0x000058a8                __aeabi_uldivmod
 .text          0x000058d8      0x2d0 d:/program_file/mcuxpressoide_10.2.1_795/ide/tools/bin/../lib/gcc/arm-none-eabi/7.2.1/thumb/v7-m\libgcc.a(_udivmoddi4.o)
                0x000058d8                __udivmoddi4
 .text          0x00005ba8        0x4 d:/program_file/mcuxpressoide_10.2.1_795/ide/tools/bin/../lib/gcc/arm-none-eabi/7.2.1/thumb/v7-m\libgcc.a(_dvmd_tls.o)
                0x00005ba8                __aeabi_idiv0
                0x00005ba8                __aeabi_ldiv0
 .text.__libc_init_array
                0x00005bac       0x48 d:/program_file/mcuxpressoide_10.2.1_795/ide/tools/bin/../lib/gcc/arm-none-eabi/7.2.1/../../../../arm-none-eabi/lib/thumb/v7-m\libc.a(lib_a-init.o)
                0x00005bac                __libc_init_array
 .text.malloc   0x00005bf4       0x10 d:/program_file/mcuxpressoide_10.2.1_795/ide/tools/bin/../lib/gcc/arm-none-eabi/7.2.1/../../../../arm-none-eabi/lib/thumb/v7-m\libc.a(lib_a-malloc.o)
                0x00005bf4                malloc
 .text.free     0x00005c04       0x10 d:/program_file/mcuxpressoide_10.2.1_795/ide/tools/bin/../lib/gcc/arm-none-eabi/7.2.1/../../../../arm-none-eabi/lib/thumb/v7-m\libc.a(lib_a-malloc.o)
                0x00005c04                free
 .text._malloc_r
                0x00005c14      0x524 d:/program_file/mcuxpressoide_10.2.1_795/ide/tools/bin/../lib/gcc/arm-none-eabi/7.2.1/../../../../arm-none-eabi/lib/thumb/v7-m\libc.a(lib_a-mallocr.o)
                0x00005c14                _malloc_r
 .text          0x00006138       0xec d:/program_file/mcuxpressoide_10.2.1_795/ide/tools/bin/../lib/gcc/arm-none-eabi/7.2.1/../../../../arm-none-eabi/lib/thumb/v7-m\libc.a(lib_a-memcpy.o)
                0x00006138                memcpy
 .text.memmove  0x00006224       0xc4 d:/program_file/mcuxpressoide_10.2.1_795/ide/tools/bin/../lib/gcc/arm-none-eabi/7.2.1/../../../../arm-none-eabi/lib/thumb/v7-m\libc.a(lib_a-memmove.o)
                0x00006224                memmove
 .text.memset   0x000062e8       0x94 d:/program_file/mcuxpressoide_10.2.1_795/ide/tools/bin/../lib/gcc/arm-none-eabi/7.2.1/../../../../arm-none-eabi/lib/thumb/v7-m\libc.a(lib_a-memset.o)
                0x000062e8                memset
 .text.__malloc_lock
                0x0000637c        0xc d:/program_file/mcuxpressoide_10.2.1_795/ide/tools/bin/../lib/gcc/arm-none-eabi/7.2.1/../../../../arm-none-eabi/lib/thumb/v7-m\libc.a(lib_a-mlock.o)
                0x0000637c                __malloc_lock
 .text.__malloc_unlock
                0x00006388        0xc d:/program_file/mcuxpressoide_10.2.1_795/ide/tools/bin/../lib/gcc/arm-none-eabi/7.2.1/../../../../arm-none-eabi/lib/thumb/v7-m\libc.a(lib_a-mlock.o)
                0x00006388                __malloc_unlock
 .text._sbrk_r  0x00006394       0x24 d:/program_file/mcuxpressoide_10.2.1_795/ide/tools/bin/../lib/gcc/arm-none-eabi/7.2.1/../../../../arm-none-eabi/lib/thumb/v7-m\libc.a(lib_a-sbrkr.o)
                0x00006394                _sbrk_r
 .text.strlen   0x000063b8       0x5c d:/program_file/mcuxpressoide_10.2.1_795/ide/tools/bin/../lib/gcc/arm-none-eabi/7.2.1/../../../../arm-none-eabi/lib/thumb/v7-m\libc.a(lib_a-strlen-stub.o)
                0x000063b8                strlen
 .text._malloc_trim_r
                0x00006414       0xa0 d:/program_file/mcuxpressoide_10.2.1_795/ide/tools/bin/../lib/gcc/arm-none-eabi/7.2.1/../../../../arm-none-eabi/lib/thumb/v7-m\libc.a(lib_a-freer.o)
                0x00006414                _malloc_trim_r
 .text._free_r  0x000064b4      0x1e8 d:/program_file/mcuxpressoide_10.2.1_795/ide/tools/bin/../lib/gcc/arm-none-eabi/7.2.1/../../../../arm-none-eabi/lib/thumb/v7-m\libc.a(lib_a-freer.o)
                0x000064b4                _free_r
 .text.__retarget_lock_acquire_recursive
                0x0000669c        0x4 d:/program_file/mcuxpressoide_10.2.1_795/ide/tools/bin/../lib/gcc/arm-none-eabi/7.2.1/../../../../arm-none-eabi/lib/thumb/v7-m\libc.a(lib_a-lock.o)
                0x0000669c                __retarget_lock_acquire_recursive
 .text.__retarget_lock_release_recursive
                0x000066a0        0x4 d:/program_file/mcuxpressoide_10.2.1_795/ide/tools/bin/../lib/gcc/arm-none-eabi/7.2.1/../../../../arm-none-eabi/lib/thumb/v7-m\libc.a(lib_a-lock.o)
                0x000066a0                __retarget_lock_release_recursive
 .text._ZdlPvj  0x000066a4        0x4 d:/program_file/mcuxpressoide_10.2.1_795/ide/tools/bin/../lib/gcc/arm-none-eabi/7.2.1/../../../../arm-none-eabi/lib/thumb/v7-m\libstdc++.a(del_ops.o)
                0x000066a4                operator delete(void*, unsigned int)
 .text._ZSt17__throw_bad_allocv
                0x000066a8       0x20 d:/program_file/mcuxpressoide_10.2.1_795/ide/tools/bin/../lib/gcc/arm-none-eabi/7.2.1/../../../../arm-none-eabi/lib/thumb/v7-m\libstdc++.a(functexcept.o)
                0x000066a8                std::__throw_bad_alloc()
 .text._ZSt19__throw_logic_errorPKc
                0x000066c8       0x30 d:/program_file/mcuxpressoide_10.2.1_795/ide/tools/bin/../lib/gcc/arm-none-eabi/7.2.1/../../../../arm-none-eabi/lib/thumb/v7-m\libstdc++.a(functexcept.o)
                0x000066c8                std::__throw_logic_error(char const*)
 .text._ZSt20__throw_length_errorPKc
                0x000066f8       0x30 d:/program_file/mcuxpressoide_10.2.1_795/ide/tools/bin/../lib/gcc/arm-none-eabi/7.2.1/../../../../arm-none-eabi/lib/thumb/v7-m\libstdc++.a(functexcept.o)
                0x000066f8                std::__throw_length_error(char const*)
 .text._ZNSt9exceptionD2Ev
                0x00006728        0x4 d:/program_file/mcuxpressoide_10.2.1_795/ide/tools/bin/../lib/gcc/arm-none-eabi/7.2.1/../../../../arm-none-eabi/lib/thumb/v7-m\libstdc++.a(eh_exception.o)
                0x00006728                std::exception::~exception()
                0x00006728                std::exception::~exception()
 .text._ZNSt13bad_exceptionD2Ev
                0x0000672c        0x4 d:/program_file/mcuxpressoide_10.2.1_795/ide/tools/bin/../lib/gcc/arm-none-eabi/7.2.1/../../../../arm-none-eabi/lib/thumb/v7-m\libstdc++.a(eh_exception.o)
                0x0000672c                std::bad_exception::~bad_exception()
                0x0000672c                std::bad_exception::~bad_exception()
 .text._ZNKSt13bad_exception4whatEv
                0x00006730        0x8 d:/program_file/mcuxpressoide_10.2.1_795/ide/tools/bin/../lib/gcc/arm-none-eabi/7.2.1/../../../../arm-none-eabi/lib/thumb/v7-m\libstdc++.a(eh_exception.o)
                0x00006730                std::bad_exception::what() const
                0x00006730                transaction clone for std::bad_exception::what() const
 .text._ZNSt13bad_exceptionD0Ev
                0x00006738       0x10 d:/program_file/mcuxpressoide_10.2.1_795/ide/tools/bin/../lib/gcc/arm-none-eabi/7.2.1/../../../../arm-none-eabi/lib/thumb/v7-m\libstdc++.a(eh_exception.o)
                0x00006738                std::bad_exception::~bad_exception()
 .text._ZL28read_encoded_value_with_basehjPKhPj
                0x00006748       0xc0 d:/program_file/mcuxpressoide_10.2.1_795/ide/tools/bin/../lib/gcc/arm-none-eabi/7.2.1/../../../../arm-none-eabi/lib/thumb/v7-m\libstdc++.a(eh_personality.o)
 .text._ZL21base_of_encoded_valuehP15_Unwind_Context.part.3
                0x00006808       0x38 d:/program_file/mcuxpressoide_10.2.1_795/ide/tools/bin/../lib/gcc/arm-none-eabi/7.2.1/../../../../arm-none-eabi/lib/thumb/v7-m\libstdc++.a(eh_personality.o)
 .text._ZL17parse_lsda_headerP15_Unwind_ContextPKhP16lsda_header_info
                0x00006840       0x90 d:/program_file/mcuxpressoide_10.2.1_795/ide/tools/bin/../lib/gcc/arm-none-eabi/7.2.1/../../../../arm-none-eabi/lib/thumb/v7-m\libstdc++.a(eh_personality.o)
 .text.__gxx_personality_v0
                0x000068d0      0x4e4 d:/program_file/mcuxpressoide_10.2.1_795/ide/tools/bin/../lib/gcc/arm-none-eabi/7.2.1/../../../../arm-none-eabi/lib/thumb/v7-m\libstdc++.a(eh_personality.o)
                0x000068d0                __gxx_personality_v0
 .text._ZN12_GLOBAL__N_14pool4freeEPv.constprop.4
                0x00006db4       0x88 d:/program_file/mcuxpressoide_10.2.1_795/ide/tools/bin/../lib/gcc/arm-none-eabi/7.2.1/../../../../arm-none-eabi/lib/thumb/v7-m\libstdc++.a(eh_alloc.o)
 .text._ZN12_GLOBAL__N_14pool8allocateEj.constprop.5
                0x00006e3c       0x64 d:/program_file/mcuxpressoide_10.2.1_795/ide/tools/bin/../lib/gcc/arm-none-eabi/7.2.1/../../../../arm-none-eabi/lib/thumb/v7-m\libstdc++.a(eh_alloc.o)
 .text.__cxa_allocate_exception
                0x00006ea0       0x30 d:/program_file/mcuxpressoide_10.2.1_795/ide/tools/bin/../lib/gcc/arm-none-eabi/7.2.1/../../../../arm-none-eabi/lib/thumb/v7-m\libstdc++.a(eh_alloc.o)
                0x00006ea0                __cxa_allocate_exception
 .text.__cxa_free_exception
                0x00006ed0       0x20 d:/program_file/mcuxpressoide_10.2.1_795/ide/tools/bin/../lib/gcc/arm-none-eabi/7.2.1/../../../../arm-none-eabi/lib/thumb/v7-m\libstdc++.a(eh_alloc.o)
                0x00006ed0                __cxa_free_exception
 .text.startup._GLOBAL__sub_I__ZN9__gnu_cxx9__freeresEv
                0x00006ef0       0x28 d:/program_file/mcuxpressoide_10.2.1_795/ide/tools/bin/../lib/gcc/arm-none-eabi/7.2.1/../../../../arm-none-eabi/lib/thumb/v7-m\libstdc++.a(eh_alloc.o)
 .text._ZNKSt9bad_alloc4whatEv
                0x00006f18        0x8 d:/program_file/mcuxpressoide_10.2.1_795/ide/tools/bin/../lib/gcc/arm-none-eabi/7.2.1/../../../../arm-none-eabi/lib/thumb/v7-m\libstdc++.a(bad_alloc.o)
                0x00006f18                std::bad_alloc::what() const
 .text._ZNSt9bad_allocD2Ev
                0x00006f20       0x14 d:/program_file/mcuxpressoide_10.2.1_795/ide/tools/bin/../lib/gcc/arm-none-eabi/7.2.1/../../../../arm-none-eabi/lib/thumb/v7-m\libstdc++.a(bad_alloc.o)
                0x00006f20                std::bad_alloc::~bad_alloc()
                0x00006f20                std::bad_alloc::~bad_alloc()
 .text._ZNSt9bad_allocD0Ev
                0x00006f34       0x1c d:/program_file/mcuxpressoide_10.2.1_795/ide/tools/bin/../lib/gcc/arm-none-eabi/7.2.1/../../../../arm-none-eabi/lib/thumb/v7-m\libstdc++.a(bad_alloc.o)
                0x00006f34                std::bad_alloc::~bad_alloc()
 .text._ZN10__cxxabiv1L24__is_gxx_exception_classEPc
                0x00006f50       0x3c d:/program_file/mcuxpressoide_10.2.1_795/ide/tools/bin/../lib/gcc/arm-none-eabi/7.2.1/../../../../arm-none-eabi/lib/thumb/v7-m\libstdc++.a(eh_call.o)
 .text.__cxa_call_terminate
                0x00006f8c       0x20 d:/program_file/mcuxpressoide_10.2.1_795/ide/tools/bin/../lib/gcc/arm-none-eabi/7.2.1/../../../../arm-none-eabi/lib/thumb/v7-m\libstdc++.a(eh_call.o)
                0x00006f8c                __cxa_call_terminate
 .text.__cxa_call_unexpected
                0x00006fac       0xe0 d:/program_file/mcuxpressoide_10.2.1_795/ide/tools/bin/../lib/gcc/arm-none-eabi/7.2.1/../../../../arm-none-eabi/lib/thumb/v7-m\libstdc++.a(eh_call.o)
                0x00006fac                __cxa_call_unexpected
 .text.__cxa_begin_catch
                0x0000708c       0x80 d:/program_file/mcuxpressoide_10.2.1_795/ide/tools/bin/../lib/gcc/arm-none-eabi/7.2.1/../../../../arm-none-eabi/lib/thumb/v7-m\libstdc++.a(eh_catch.o)
                0x0000708c                __cxa_begin_catch
 .text.__cxa_end_catch
                0x0000710c       0x88 d:/program_file/mcuxpressoide_10.2.1_795/ide/tools/bin/../lib/gcc/arm-none-eabi/7.2.1/../../../../arm-none-eabi/lib/thumb/v7-m\libstdc++.a(eh_catch.o)
                0x0000710c                __cxa_end_catch
 .text.__cxa_get_globals_fast
                0x00007194        0x8 d:/program_file/mcuxpressoide_10.2.1_795/ide/tools/bin/../lib/gcc/arm-none-eabi/7.2.1/../../../../arm-none-eabi/lib/thumb/v7-m\libstdc++.a(eh_globals.o)
                0x00007194                __cxa_get_globals_fast
 .text.__cxa_get_globals
                0x0000719c        0x8 d:/program_file/mcuxpressoide_10.2.1_795/ide/tools/bin/../lib/gcc/arm-none-eabi/7.2.1/../../../../arm-none-eabi/lib/thumb/v7-m\libstdc++.a(eh_globals.o)
                0x0000719c                __cxa_get_globals
 .text._ZN10__cxxabiv111__terminateEPFvvE
                0x000071a4       0x28 d:/program_file/mcuxpressoide_10.2.1_795/ide/tools/bin/../lib/gcc/arm-none-eabi/7.2.1/../../../../arm-none-eabi/lib/thumb/v7-m\libstdc++.a(eh_terminate.o)
                0x000071a4                __cxxabiv1::__terminate(void (*)())
 .text._ZSt9terminatev
                0x000071cc       0x14 d:/program_file/mcuxpressoide_10.2.1_795/ide/tools/bin/../lib/gcc/arm-none-eabi/7.2.1/../../../../arm-none-eabi/lib/thumb/v7-m\libstdc++.a(eh_terminate.o)
                0x000071cc                std::terminate()
 .text._ZN10__cxxabiv112__unexpectedEPFvvE
                0x000071e0        0x8 d:/program_file/mcuxpressoide_10.2.1_795/ide/tools/bin/../lib/gcc/arm-none-eabi/7.2.1/../../../../arm-none-eabi/lib/thumb/v7-m\libstdc++.a(eh_terminate.o)
                0x000071e0                __cxxabiv1::__unexpected(void (*)())
 .text._ZSt10unexpectedv
                0x000071e8       0x14 d:/program_file/mcuxpressoide_10.2.1_795/ide/tools/bin/../lib/gcc/arm-none-eabi/7.2.1/../../../../arm-none-eabi/lib/thumb/v7-m\libstdc++.a(eh_terminate.o)
                0x000071e8                std::unexpected()
 .text._ZSt13get_terminatev
                0x000071fc       0x10 d:/program_file/mcuxpressoide_10.2.1_795/ide/tools/bin/../lib/gcc/arm-none-eabi/7.2.1/../../../../arm-none-eabi/lib/thumb/v7-m\libstdc++.a(eh_terminate.o)
                0x000071fc                std::get_terminate()
 .text._ZSt14get_unexpectedv
                0x0000720c       0x10 d:/program_file/mcuxpressoide_10.2.1_795/ide/tools/bin/../lib/gcc/arm-none-eabi/7.2.1/../../../../arm-none-eabi/lib/thumb/v7-m\libstdc++.a(eh_terminate.o)
                0x0000720c                std::get_unexpected()
 .text.__cxa_end_cleanup
                0x0000721c        0xc d:/program_file/mcuxpressoide_10.2.1_795/ide/tools/bin/../lib/gcc/arm-none-eabi/7.2.1/../../../../arm-none-eabi/lib/thumb/v7-m\libstdc++.a(eh_arm.o)
                0x0000721c                __cxa_end_cleanup
 .text.__cxa_type_match
                0x00007228       0xb0 d:/program_file/mcuxpressoide_10.2.1_795/ide/tools/bin/../lib/gcc/arm-none-eabi/7.2.1/../../../../arm-none-eabi/lib/thumb/v7-m\libstdc++.a(eh_arm.o)
                0x00007228                __cxa_type_match
 .text.__cxa_begin_cleanup
                0x000072d8       0x64 d:/program_file/mcuxpressoide_10.2.1_795/ide/tools/bin/../lib/gcc/arm-none-eabi/7.2.1/../../../../arm-none-eabi/lib/thumb/v7-m\libstdc++.a(eh_arm.o)
                0x000072d8                __cxa_begin_cleanup
 .text.__gnu_end_cleanup
                0x0000733c       0x70 d:/program_file/mcuxpressoide_10.2.1_795/ide/tools/bin/../lib/gcc/arm-none-eabi/7.2.1/../../../../arm-none-eabi/lib/thumb/v7-m\libstdc++.a(eh_arm.o)
                0x0000733c                __gnu_end_cleanup
 .text._ZL23__gxx_exception_cleanup19_Unwind_Reason_CodeP21_Unwind_Control_Block
                0x000073ac       0x44 d:/program_file/mcuxpressoide_10.2.1_795/ide/tools/bin/../lib/gcc/arm-none-eabi/7.2.1/../../../../arm-none-eabi/lib/thumb/v7-m\libstdc++.a(eh_throw.o)
 .text.__cxa_init_primary_exception
                0x000073f0       0x58 d:/program_file/mcuxpressoide_10.2.1_795/ide/tools/bin/../lib/gcc/arm-none-eabi/7.2.1/../../../../arm-none-eabi/lib/thumb/v7-m\libstdc++.a(eh_throw.o)
                0x000073f0                __cxa_init_primary_exception
 .text.__cxa_throw
                0x00007448       0x38 d:/program_file/mcuxpressoide_10.2.1_795/ide/tools/bin/../lib/gcc/arm-none-eabi/7.2.1/../../../../arm-none-eabi/lib/thumb/v7-m\libstdc++.a(eh_throw.o)
                0x00007448                __cxa_throw
 .text.__cxa_rethrow
                0x00007480       0x70 d:/program_file/mcuxpressoide_10.2.1_795/ide/tools/bin/../lib/gcc/arm-none-eabi/7.2.1/../../../../arm-none-eabi/lib/thumb/v7-m\libstdc++.a(eh_throw.o)
                0x00007480                __cxa_rethrow
 .text._ZN10__cxxabiv120__si_class_type_infoD2Ev
                0x000074f0       0x14 d:/program_file/mcuxpressoide_10.2.1_795/ide/tools/bin/../lib/gcc/arm-none-eabi/7.2.1/../../../../arm-none-eabi/lib/thumb/v7-m\libstdc++.a(si_class_type_info.o)
                0x000074f0                __cxxabiv1::__si_class_type_info::~__si_class_type_info()
                0x000074f0                __cxxabiv1::__si_class_type_info::~__si_class_type_info()
 .text._ZN10__cxxabiv120__si_class_type_infoD0Ev
                0x00007504       0x1c d:/program_file/mcuxpressoide_10.2.1_795/ide/tools/bin/../lib/gcc/arm-none-eabi/7.2.1/../../../../arm-none-eabi/lib/thumb/v7-m\libstdc++.a(si_class_type_info.o)
                0x00007504                __cxxabiv1::__si_class_type_info::~__si_class_type_info()
 .text._ZNK10__cxxabiv120__si_class_type_info20__do_find_public_srcEiPKvPKNS_17__class_type_infoES2_
                0x00007520       0x3c d:/program_file/mcuxpressoide_10.2.1_795/ide/tools/bin/../lib/gcc/arm-none-eabi/7.2.1/../../../../arm-none-eabi/lib/thumb/v7-m\libstdc++.a(si_class_type_info.o)
                0x00007520                __cxxabiv1::__si_class_type_info::__do_find_public_src(int, void const*, __cxxabiv1::__class_type_info const*, void const*) const
 .text._ZNK10__cxxabiv120__si_class_type_info12__do_dyncastEiNS_17__class_type_info10__sub_kindEPKS1_PKvS4_S6_RNS1_16__dyncast_resultE
                0x0000755c       0x84 d:/program_file/mcuxpressoide_10.2.1_795/ide/tools/bin/../lib/gcc/arm-none-eabi/7.2.1/../../../../arm-none-eabi/lib/thumb/v7-m\libstdc++.a(si_class_type_info.o)
                0x0000755c                __cxxabiv1::__si_class_type_info::__do_dyncast(int, __cxxabiv1::__class_type_info::__sub_kind, __cxxabiv1::__class_type_info const*, void const*, __cxxabiv1::__class_type_info const*, void const*, __cxxabiv1::__class_type_info::__dyncast_result&) const
 .text._ZNK10__cxxabiv120__si_class_type_info11__do_upcastEPKNS_17__class_type_infoEPKvRNS1_15__upcast_resultE
                0x000075e0       0x2c d:/program_file/mcuxpressoide_10.2.1_795/ide/tools/bin/../lib/gcc/arm-none-eabi/7.2.1/../../../../arm-none-eabi/lib/thumb/v7-m\libstdc++.a(si_class_type_info.o)
                0x000075e0                __cxxabiv1::__si_class_type_info::__do_upcast(__cxxabiv1::__class_type_info const*, void const*, __cxxabiv1::__class_type_info::__upcast_result&) const
 .text._ZNSt9type_infoD2Ev
                0x0000760c        0x4 d:/program_file/mcuxpressoide_10.2.1_795/ide/tools/bin/../lib/gcc/arm-none-eabi/7.2.1/../../../../arm-none-eabi/lib/thumb/v7-m\libstdc++.a(tinfo.o)
                0x0000760c                std::type_info::~type_info()
                0x0000760c                std::type_info::~type_info()
 .text._ZNKSt9type_info14__is_pointer_pEv
                0x00007610        0x4 d:/program_file/mcuxpressoide_10.2.1_795/ide/tools/bin/../lib/gcc/arm-none-eabi/7.2.1/../../../../arm-none-eabi/lib/thumb/v7-m\libstdc++.a(tinfo.o)
                0x00007610                std::type_info::__is_pointer_p() const
                0x00007610                std::type_info::__is_function_p() const
 .text._ZNKSt9type_infoeqERKS_
                0x00007614       0x2c d:/program_file/mcuxpressoide_10.2.1_795/ide/tools/bin/../lib/gcc/arm-none-eabi/7.2.1/../../../../arm-none-eabi/lib/thumb/v7-m\libstdc++.a(tinfo.o)
                0x00007614                std::type_info::operator==(std::type_info const&) const
 .text._ZNK10__cxxabiv117__class_type_info11__do_upcastEPKS0_PPv
                0x00007640       0x38 d:/program_file/mcuxpressoide_10.2.1_795/ide/tools/bin/../lib/gcc/arm-none-eabi/7.2.1/../../../../arm-none-eabi/lib/thumb/v7-m\libstdc++.a(class_type_info.o)
                0x00007640                __cxxabiv1::__class_type_info::__do_upcast(__cxxabiv1::__class_type_info const*, void**) const
 .text._ZNK10__cxxabiv117__class_type_info20__do_find_public_srcEiPKvPKS0_S2_
                0x00007678        0xc d:/program_file/mcuxpressoide_10.2.1_795/ide/tools/bin/../lib/gcc/arm-none-eabi/7.2.1/../../../../arm-none-eabi/lib/thumb/v7-m\libstdc++.a(class_type_info.o)
                0x00007678                __cxxabiv1::__class_type_info::__do_find_public_src(int, void const*, __cxxabiv1::__class_type_info const*, void const*) const
 .text._ZN10__cxxabiv117__class_type_infoD2Ev
                0x00007684       0x14 d:/program_file/mcuxpressoide_10.2.1_795/ide/tools/bin/../lib/gcc/arm-none-eabi/7.2.1/../../../../arm-none-eabi/lib/thumb/v7-m\libstdc++.a(class_type_info.o)
                0x00007684                __cxxabiv1::__class_type_info::~__class_type_info()
                0x00007684                __cxxabiv1::__class_type_info::~__class_type_info()
 .text._ZN10__cxxabiv117__class_type_infoD0Ev
                0x00007698       0x1c d:/program_file/mcuxpressoide_10.2.1_795/ide/tools/bin/../lib/gcc/arm-none-eabi/7.2.1/../../../../arm-none-eabi/lib/thumb/v7-m\libstdc++.a(class_type_info.o)
                0x00007698                __cxxabiv1::__class_type_info::~__class_type_info()
 .text._ZNK10__cxxabiv117__class_type_info12__do_dyncastEiNS0_10__sub_kindEPKS0_PKvS3_S5_RNS0_16__dyncast_resultE
                0x000076b4       0x44 d:/program_file/mcuxpressoide_10.2.1_795/ide/tools/bin/../lib/gcc/arm-none-eabi/7.2.1/../../../../arm-none-eabi/lib/thumb/v7-m\libstdc++.a(class_type_info.o)
                0x000076b4                __cxxabiv1::__class_type_info::__do_dyncast(int, __cxxabiv1::__class_type_info::__sub_kind, __cxxabiv1::__class_type_info const*, void const*, __cxxabiv1::__class_type_info const*, void const*, __cxxabiv1::__class_type_info::__dyncast_result&) const
 .text._ZNK10__cxxabiv117__class_type_info11__do_upcastEPKS0_PKvRNS0_15__upcast_resultE
                0x000076f8       0x18 d:/program_file/mcuxpressoide_10.2.1_795/ide/tools/bin/../lib/gcc/arm-none-eabi/7.2.1/../../../../arm-none-eabi/lib/thumb/v7-m\libstdc++.a(class_type_info.o)
                0x000076f8                __cxxabiv1::__class_type_info::__do_upcast(__cxxabiv1::__class_type_info const*, void const*, __cxxabiv1::__class_type_info::__upcast_result&) const
 .text._ZNK10__cxxabiv117__class_type_info10__do_catchEPKSt9type_infoPPvj
                0x00007710       0x2c d:/program_file/mcuxpressoide_10.2.1_795/ide/tools/bin/../lib/gcc/arm-none-eabi/7.2.1/../../../../arm-none-eabi/lib/thumb/v7-m\libstdc++.a(class_type_info.o)
                0x00007710                __cxxabiv1::__class_type_info::__do_catch(std::type_info const*, void**, unsigned int) const
 .text._ZNKSt11logic_error4whatEv
                0x0000773c        0x4 d:/program_file/mcuxpressoide_10.2.1_795/ide/tools/bin/../lib/gcc/arm-none-eabi/7.2.1/../../../../arm-none-eabi/lib/thumb/v7-m\libstdc++.a(stdexcept.o)
                0x0000773c                std::logic_error::what() const
 .text._ZNSt11logic_errorD2Ev
                0x00007740       0x40 d:/program_file/mcuxpressoide_10.2.1_795/ide/tools/bin/../lib/gcc/arm-none-eabi/7.2.1/../../../../arm-none-eabi/lib/thumb/v7-m\libstdc++.a(stdexcept.o)
                0x00007740                std::logic_error::~logic_error()
                0x00007740                std::logic_error::~logic_error()
 .text._ZNSt11logic_errorD0Ev
                0x00007780       0x14 d:/program_file/mcuxpressoide_10.2.1_795/ide/tools/bin/../lib/gcc/arm-none-eabi/7.2.1/../../../../arm-none-eabi/lib/thumb/v7-m\libstdc++.a(stdexcept.o)
                0x00007780                std::logic_error::~logic_error()
 .text._ZNSt12length_errorD2Ev
                0x00007794       0x14 d:/program_file/mcuxpressoide_10.2.1_795/ide/tools/bin/../lib/gcc/arm-none-eabi/7.2.1/../../../../arm-none-eabi/lib/thumb/v7-m\libstdc++.a(stdexcept.o)
                0x00007794                std::length_error::~length_error()
                0x00007794                std::length_error::~length_error()
 .text._ZNSt12length_errorD0Ev
                0x000077a8       0x1c d:/program_file/mcuxpressoide_10.2.1_795/ide/tools/bin/../lib/gcc/arm-none-eabi/7.2.1/../../../../arm-none-eabi/lib/thumb/v7-m\libstdc++.a(stdexcept.o)
                0x000077a8                std::length_error::~length_error()
 .text._ZNSs4_Rep9_S_createEjjRKSaIcE
                0x000077c4       0x58 d:/program_file/mcuxpressoide_10.2.1_795/ide/tools/bin/../lib/gcc/arm-none-eabi/7.2.1/../../../../arm-none-eabi/lib/thumb/v7-m\libstdc++.a(cow-string-inst.o)
                0x000077c4                std::string::_Rep::_S_create(unsigned int, unsigned int, std::allocator<char> const&)
 .text._ZNSs4_Rep10_M_destroyERKSaIcE
                0x0000781c        0x4 d:/program_file/mcuxpressoide_10.2.1_795/ide/tools/bin/../lib/gcc/arm-none-eabi/7.2.1/../../../../arm-none-eabi/lib/thumb/v7-m\libstdc++.a(cow-string-inst.o)
                0x0000781c                std::string::_Rep::_M_destroy(std::allocator<char> const&)
 .text._ZNSs12_S_constructIPKcEEPcT_S3_RKSaIcESt20forward_iterator_tag
                0x00007820       0x64 d:/program_file/mcuxpressoide_10.2.1_795/ide/tools/bin/../lib/gcc/arm-none-eabi/7.2.1/../../../../arm-none-eabi/lib/thumb/v7-m\libstdc++.a(cow-string-inst.o)
                0x00007820                char* std::string::_S_construct<char const*>(char const*, char const*, std::allocator<char> const&, std::forward_iterator_tag)
 .text._ZNSsC2EPKcRKSaIcE
                0x00007884       0x2c d:/program_file/mcuxpressoide_10.2.1_795/ide/tools/bin/../lib/gcc/arm-none-eabi/7.2.1/../../../../arm-none-eabi/lib/thumb/v7-m\libstdc++.a(cow-string-inst.o)
                0x00007884                std::basic_string<char, std::char_traits<char>, std::allocator<char> >::basic_string(char const*, std::allocator<char> const&)
                0x00007884                std::basic_string<char, std::char_traits<char>, std::allocator<char> >::basic_string(char const*, std::allocator<char> const&)
 .text._ZNSt11logic_errorC2EPKc
                0x000078b0       0x28 d:/program_file/mcuxpressoide_10.2.1_795/ide/tools/bin/../lib/gcc/arm-none-eabi/7.2.1/../../../../arm-none-eabi/lib/thumb/v7-m\libstdc++.a(cow-stdexcept.o)
                0x000078b0                std::logic_error::logic_error(char const*)
                0x000078b0                std::logic_error::logic_error(char const*)
 .text._ZNSt12length_errorC2EPKc
                0x000078d8       0x14 d:/program_file/mcuxpressoide_10.2.1_795/ide/tools/bin/../lib/gcc/arm-none-eabi/7.2.1/../../../../arm-none-eabi/lib/thumb/v7-m\libstdc++.a(cow-stdexcept.o)
                0x000078d8                std::length_error::length_error(char const*)
                0x000078d8                std::length_error::length_error(char const*)
 .text.log      0x000078ec       0xfc d:/program_file/mcuxpressoide_10.2.1_795/ide/tools/bin/../lib/gcc/arm-none-eabi/7.2.1/../../../../arm-none-eabi/lib/thumb/v7-m\libm.a(lib_a-w_log.o)
                0x000078ec                log
 .text.__ieee754_log
                0x000079e8      0x394 d:/program_file/mcuxpressoide_10.2.1_795/ide/tools/bin/../lib/gcc/arm-none-eabi/7.2.1/../../../../arm-none-eabi/lib/thumb/v7-m\libm.a(lib_a-e_log.o)
                0x000079e8                __ieee754_log
 .text.matherr  0x00007d7c        0x4 d:/program_file/mcuxpressoide_10.2.1_795/ide/tools/bin/../lib/gcc/arm-none-eabi/7.2.1/../../../../arm-none-eabi/lib/thumb/v7-m\libm.a(lib_a-s_matherr.o)
                0x00007d7c                matherr
 .text.nan      0x00007d80        0xc d:/program_file/mcuxpressoide_10.2.1_795/ide/tools/bin/../lib/gcc/arm-none-eabi/7.2.1/../../../../arm-none-eabi/lib/thumb/v7-m\libm.a(lib_a-s_nan.o)
                0x00007d80                nan
 .text._sbrk    0x00007d8c       0x3c d:/program_file/mcuxpressoide_10.2.1_795/ide/tools/bin/../lib/gcc/arm-none-eabi/7.2.1/../../../../arm-none-eabi/lib/thumb/v7-m\libcr_newlib_nohost.a(_cr_sbrk.o)
                0x00007d8c                _sbrk
 .text.abort    0x00007dc8        0x2 d:/program_file/mcuxpressoide_10.2.1_795/ide/tools/bin/../lib/gcc/arm-none-eabi/7.2.1/../../../../arm-none-eabi/lib/thumb/v7-m\libcr_newlib_nohost.a(cr_abort.o)
                0x00007dc8                abort
 *fill*         0x00007dca        0x2 ff
 .text.__check_heap_overflow
                0x00007dcc       0x18 d:/program_file/mcuxpressoide_10.2.1_795/ide/tools/bin/../lib/gcc/arm-none-eabi/7.2.1/../../../../arm-none-eabi/lib/thumb/v7-m\libcr_newlib_nohost.a(_cr_check_heap.o)
                0x00007dcc                __check_heap_overflow
 .text          0x00007de4       0x40 d:/program_file/mcuxpressoide_10.2.1_795/ide/tools/bin/../lib/gcc/arm-none-eabi/7.2.1/thumb/v7-m\crtbegin.o
 .text          0x00007e24      0x110 d:/program_file/mcuxpressoide_10.2.1_795/ide/tools/bin/../lib/gcc/arm-none-eabi/7.2.1/thumb/v7-m\libgcc.a(_arm_cmpdf2.o)
                0x00007e24                __gtdf2
                0x00007e24                __gedf2
                0x00007e2c                __ltdf2
                0x00007e2c                __ledf2
                0x00007e34                __nedf2
                0x00007e34                __eqdf2
                0x00007e34                __cmpdf2
                0x00007eb0                __aeabi_cdrcmple
                0x00007ec0                __aeabi_cdcmpeq
                0x00007ec0                __aeabi_cdcmple
                0x00007ed0                __aeabi_dcmpeq
                0x00007ee4                __aeabi_dcmplt
                0x00007ef8                __aeabi_dcmple
                0x00007f0c                __aeabi_dcmpge
                0x00007f20                __aeabi_dcmpgt
 .text          0x00007f34       0x2c d:/program_file/mcuxpressoide_10.2.1_795/ide/tools/bin/../lib/gcc/arm-none-eabi/7.2.1/thumb/v7-m\libgcc.a(_arm_unorddf2.o)
                0x00007f34                __unorddf2
                0x00007f34                __aeabi_dcmpun
 .text          0x00007f60      0xa00 d:/program_file/mcuxpressoide_10.2.1_795/ide/tools/bin/../lib/gcc/arm-none-eabi/7.2.1/thumb/v7-m\libgcc.a(unwind-arm.o)
                0x0000821c                _Unwind_GetCFA
                0x00008220                __gnu_Unwind_RaiseException
                0x00008280                __gnu_Unwind_ForcedUnwind
                0x00008294                __gnu_Unwind_Resume
                0x000082d8                __gnu_Unwind_Resume_or_Rethrow
                0x000082ec                _Unwind_Complete
                0x000082f0                _Unwind_DeleteException
                0x000082fc                _Unwind_VRS_Get
                0x00008340                _Unwind_VRS_Set
                0x00008388                __gnu_Unwind_Backtrace
                0x000086d0                __aeabi_unwind_cpp_pr0
                0x000086d4                __aeabi_unwind_cpp_pr1
                0x000086d8                __aeabi_unwind_cpp_pr2
                0x000086dc                _Unwind_VRS_Pop
 .text          0x00008960      0x1ac d:/program_file/mcuxpressoide_10.2.1_795/ide/tools/bin/../lib/gcc/arm-none-eabi/7.2.1/thumb/v7-m\libgcc.a(libunwind.o)
                0x00008960                __restore_core_regs
                0x00008960                restore_core_regs
                0x00008978                __gnu_Unwind_Restore_VFP
                0x00008980                __gnu_Unwind_Save_VFP
                0x00008988                __gnu_Unwind_Restore_VFP_D
                0x00008990                __gnu_Unwind_Save_VFP_D
                0x00008998                __gnu_Unwind_Restore_VFP_D_16_to_31
                0x000089a0                __gnu_Unwind_Save_VFP_D_16_to_31
                0x000089a8                __gnu_Unwind_Restore_WMMXD
                0x000089ec                __gnu_Unwind_Save_WMMXD
                0x00008a30                __gnu_Unwind_Restore_WMMXC
                0x00008a44                __gnu_Unwind_Save_WMMXC
                0x00008a58                ___Unwind_RaiseException
                0x00008a58                _Unwind_RaiseException
                0x00008a7c                _Unwind_Resume
                0x00008a7c                ___Unwind_Resume
                0x00008aa0                _Unwind_Resume_or_Rethrow
                0x00008aa0                ___Unwind_Resume_or_Rethrow
                0x00008ac4                _Unwind_ForcedUnwind
                0x00008ac4                ___Unwind_ForcedUnwind
                0x00008ae8                ___Unwind_Backtrace
                0x00008ae8                _Unwind_Backtrace
 .text          0x00008b0c      0x378 d:/program_file/mcuxpressoide_10.2.1_795/ide/tools/bin/../lib/gcc/arm-none-eabi/7.2.1/thumb/v7-m\libgcc.a(pr-support.o)
                0x00008b64                __gnu_unwind_execute
                0x00008e28                __gnu_unwind_frame
                0x00008e54                _Unwind_GetRegionStart
                0x00008e60                _Unwind_GetLanguageSpecificData
                0x00008e74                _Unwind_GetDataRelBase
                0x00008e7c                _Unwind_GetTextRelBase
 .text.__errno  0x00008e84        0xc d:/program_file/mcuxpressoide_10.2.1_795/ide/tools/bin/../lib/gcc/arm-none-eabi/7.2.1/../../../../arm-none-eabi/lib/thumb/v7-m\libc.a(lib_a-errno.o)
                0x00008e84                __errno
 .text          0x00008e90      0x1bc d:/program_file/mcuxpressoide_10.2.1_795/ide/tools/bin/../lib/gcc/arm-none-eabi/7.2.1/../../../../arm-none-eabi/lib/thumb/v7-m\libc.a(lib_a-strcmp.o)
                0x00008e90                strcmp
 *(.rodata .rodata.* .constdata .constdata.*)
 .rodata        0x0000904c       0x8d ./src/printer3dclass.o
 *fill*         0x000090d9        0x3 ff
 .rodata        0x000090dc       0x52 ./src/serialinterface.o
 *fill*         0x0000912e        0x2 ff
 .rodata.OscRateIn
                0x00009130        0x4 C:\Users\Julien\Dropbox\Cegep3Annee\3DPrinterProject\workPlaceCode\lpc_board_nxp_lpcxpresso_1769\Debug\liblpc_board_nxp_lpcxpresso_1769.a(board.o)
                0x00009130                OscRateIn
 .rodata.RTCOscRateIn
                0x00009134        0x4 C:\Users\Julien\Dropbox\Cegep3Annee\3DPrinterProject\workPlaceCode\lpc_board_nxp_lpcxpresso_1769\Debug\liblpc_board_nxp_lpcxpresso_1769.a(board.o)
                0x00009134                RTCOscRateIn
 .rodata.pinmuxing
                0x00009138       0x5c C:\Users\Julien\Dropbox\Cegep3Annee\3DPrinterProject\workPlaceCode\lpc_board_nxp_lpcxpresso_1769\Debug\liblpc_board_nxp_lpcxpresso_1769.a(board_sysinit.o)
 .rodata._ZNKSt13bad_exception4whatEv.str1.4
                0x00009194       0x13 d:/program_file/mcuxpressoide_10.2.1_795/ide/tools/bin/../lib/gcc/arm-none-eabi/7.2.1/../../../../arm-none-eabi/lib/thumb/v7-m\libstdc++.a(eh_exception.o)
 *fill*         0x000091a7        0x1 ff
 .rodata._ZTIN10__cxxabiv115__forced_unwindE
                0x000091a8        0x8 d:/program_file/mcuxpressoide_10.2.1_795/ide/tools/bin/../lib/gcc/arm-none-eabi/7.2.1/../../../../arm-none-eabi/lib/thumb/v7-m\libstdc++.a(eh_exception.o)
                0x000091a8                typeinfo for __cxxabiv1::__forced_unwind
 .rodata._ZTIN10__cxxabiv119__foreign_exceptionE
                0x000091b0        0x8 d:/program_file/mcuxpressoide_10.2.1_795/ide/tools/bin/../lib/gcc/arm-none-eabi/7.2.1/../../../../arm-none-eabi/lib/thumb/v7-m\libstdc++.a(eh_exception.o)
                0x000091b0                typeinfo for __cxxabiv1::__foreign_exception
 .rodata._ZTISt13bad_exception
                0x000091b8        0xc d:/program_file/mcuxpressoide_10.2.1_795/ide/tools/bin/../lib/gcc/arm-none-eabi/7.2.1/../../../../arm-none-eabi/lib/thumb/v7-m\libstdc++.a(eh_exception.o)
                0x000091b8                typeinfo for std::bad_exception
 .rodata._ZTISt9exception
                0x000091c4        0x8 d:/program_file/mcuxpressoide_10.2.1_795/ide/tools/bin/../lib/gcc/arm-none-eabi/7.2.1/../../../../arm-none-eabi/lib/thumb/v7-m\libstdc++.a(eh_exception.o)
                0x000091c4                typeinfo for std::exception
 .rodata._ZTSN10__cxxabiv115__forced_unwindE
                0x000091cc       0x20 d:/program_file/mcuxpressoide_10.2.1_795/ide/tools/bin/../lib/gcc/arm-none-eabi/7.2.1/../../../../arm-none-eabi/lib/thumb/v7-m\libstdc++.a(eh_exception.o)
                0x000091cc                typeinfo name for __cxxabiv1::__forced_unwind
 .rodata._ZTSN10__cxxabiv119__foreign_exceptionE
                0x000091ec       0x24 d:/program_file/mcuxpressoide_10.2.1_795/ide/tools/bin/../lib/gcc/arm-none-eabi/7.2.1/../../../../arm-none-eabi/lib/thumb/v7-m\libstdc++.a(eh_exception.o)
                0x000091ec                typeinfo name for __cxxabiv1::__foreign_exception
 .rodata._ZTSSt13bad_exception
                0x00009210       0x12 d:/program_file/mcuxpressoide_10.2.1_795/ide/tools/bin/../lib/gcc/arm-none-eabi/7.2.1/../../../../arm-none-eabi/lib/thumb/v7-m\libstdc++.a(eh_exception.o)
                0x00009210                typeinfo name for std::bad_exception
 *fill*         0x00009222        0x2 ff
 .rodata._ZTSSt9exception
                0x00009224        0xd d:/program_file/mcuxpressoide_10.2.1_795/ide/tools/bin/../lib/gcc/arm-none-eabi/7.2.1/../../../../arm-none-eabi/lib/thumb/v7-m\libstdc++.a(eh_exception.o)
                0x00009224                typeinfo name for std::exception
 *fill*         0x00009231        0x3 ff
 .rodata._ZTVSt13bad_exception
                0x00009234       0x14 d:/program_file/mcuxpressoide_10.2.1_795/ide/tools/bin/../lib/gcc/arm-none-eabi/7.2.1/../../../../arm-none-eabi/lib/thumb/v7-m\libstdc++.a(eh_exception.o)
                0x00009234                vtable for std::bad_exception
 .rodata._ZNKSt9bad_alloc4whatEv.str1.4
                0x00009248        0xf d:/program_file/mcuxpressoide_10.2.1_795/ide/tools/bin/../lib/gcc/arm-none-eabi/7.2.1/../../../../arm-none-eabi/lib/thumb/v7-m\libstdc++.a(bad_alloc.o)
 *fill*         0x00009257        0x1 ff
 .rodata._ZTISt9bad_alloc
                0x00009258        0xc d:/program_file/mcuxpressoide_10.2.1_795/ide/tools/bin/../lib/gcc/arm-none-eabi/7.2.1/../../../../arm-none-eabi/lib/thumb/v7-m\libstdc++.a(bad_alloc.o)
                0x00009258                typeinfo for std::bad_alloc
 .rodata._ZTSSt9bad_alloc
                0x00009264        0xd d:/program_file/mcuxpressoide_10.2.1_795/ide/tools/bin/../lib/gcc/arm-none-eabi/7.2.1/../../../../arm-none-eabi/lib/thumb/v7-m\libstdc++.a(bad_alloc.o)
                0x00009264                typeinfo name for std::bad_alloc
 *fill*         0x00009271        0x3 ff
 .rodata._ZTVSt9bad_alloc
                0x00009274       0x14 d:/program_file/mcuxpressoide_10.2.1_795/ide/tools/bin/../lib/gcc/arm-none-eabi/7.2.1/../../../../arm-none-eabi/lib/thumb/v7-m\libstdc++.a(bad_alloc.o)
                0x00009274                vtable for std::bad_alloc
 .rodata._ZTIN10__cxxabiv120__si_class_type_infoE
                0x00009288        0xc d:/program_file/mcuxpressoide_10.2.1_795/ide/tools/bin/../lib/gcc/arm-none-eabi/7.2.1/../../../../arm-none-eabi/lib/thumb/v7-m\libstdc++.a(si_class_type_info.o)
                0x00009288                typeinfo for __cxxabiv1::__si_class_type_info
 .rodata._ZTSN10__cxxabiv120__si_class_type_infoE
                0x00009294       0x25 d:/program_file/mcuxpressoide_10.2.1_795/ide/tools/bin/../lib/gcc/arm-none-eabi/7.2.1/../../../../arm-none-eabi/lib/thumb/v7-m\libstdc++.a(si_class_type_info.o)
                0x00009294                typeinfo name for __cxxabiv1::__si_class_type_info
 *fill*         0x000092b9        0x3 ff
 .rodata._ZTVN10__cxxabiv120__si_class_type_infoE
                0x000092bc       0x2c d:/program_file/mcuxpressoide_10.2.1_795/ide/tools/bin/../lib/gcc/arm-none-eabi/7.2.1/../../../../arm-none-eabi/lib/thumb/v7-m\libstdc++.a(si_class_type_info.o)
                0x000092bc                vtable for __cxxabiv1::__si_class_type_info
 .rodata._ZTISt9type_info
                0x000092e8        0x8 d:/program_file/mcuxpressoide_10.2.1_795/ide/tools/bin/../lib/gcc/arm-none-eabi/7.2.1/../../../../arm-none-eabi/lib/thumb/v7-m\libstdc++.a(tinfo.o)
                0x000092e8                typeinfo for std::type_info
 .rodata._ZTSSt9type_info
                0x000092f0        0xd d:/program_file/mcuxpressoide_10.2.1_795/ide/tools/bin/../lib/gcc/arm-none-eabi/7.2.1/../../../../arm-none-eabi/lib/thumb/v7-m\libstdc++.a(tinfo.o)
                0x000092f0                typeinfo name for std::type_info
 *fill*         0x000092fd        0x3 ff
 .rodata._ZTIN10__cxxabiv117__class_type_infoE
                0x00009300        0xc d:/program_file/mcuxpressoide_10.2.1_795/ide/tools/bin/../lib/gcc/arm-none-eabi/7.2.1/../../../../arm-none-eabi/lib/thumb/v7-m\libstdc++.a(class_type_info.o)
                0x00009300                typeinfo for __cxxabiv1::__class_type_info
 .rodata._ZTSN10__cxxabiv117__class_type_infoE
                0x0000930c       0x22 d:/program_file/mcuxpressoide_10.2.1_795/ide/tools/bin/../lib/gcc/arm-none-eabi/7.2.1/../../../../arm-none-eabi/lib/thumb/v7-m\libstdc++.a(class_type_info.o)
                0x0000930c                typeinfo name for __cxxabiv1::__class_type_info
 *fill*         0x0000932e        0x2 ff
 .rodata._ZTVN10__cxxabiv117__class_type_infoE
                0x00009330       0x2c d:/program_file/mcuxpressoide_10.2.1_795/ide/tools/bin/../lib/gcc/arm-none-eabi/7.2.1/../../../../arm-none-eabi/lib/thumb/v7-m\libstdc++.a(class_type_info.o)
                0x00009330                vtable for __cxxabiv1::__class_type_info
 .rodata._ZTISt11logic_error
                0x0000935c        0xc d:/program_file/mcuxpressoide_10.2.1_795/ide/tools/bin/../lib/gcc/arm-none-eabi/7.2.1/../../../../arm-none-eabi/lib/thumb/v7-m\libstdc++.a(stdexcept.o)
                0x0000935c                typeinfo for std::logic_error
 .rodata._ZTISt12length_error
                0x00009368        0xc d:/program_file/mcuxpressoide_10.2.1_795/ide/tools/bin/../lib/gcc/arm-none-eabi/7.2.1/../../../../arm-none-eabi/lib/thumb/v7-m\libstdc++.a(stdexcept.o)
                0x00009368                typeinfo for std::length_error
 .rodata._ZTSSt11logic_error
                0x00009374       0x10 d:/program_file/mcuxpressoide_10.2.1_795/ide/tools/bin/../lib/gcc/arm-none-eabi/7.2.1/../../../../arm-none-eabi/lib/thumb/v7-m\libstdc++.a(stdexcept.o)
                0x00009374                typeinfo name for std::logic_error
 .rodata._ZTSSt12length_error
                0x00009384       0x11 d:/program_file/mcuxpressoide_10.2.1_795/ide/tools/bin/../lib/gcc/arm-none-eabi/7.2.1/../../../../arm-none-eabi/lib/thumb/v7-m\libstdc++.a(stdexcept.o)
                0x00009384                typeinfo name for std::length_error
 *fill*         0x00009395        0x3 ff
 .rodata._ZTVSt11logic_error
                0x00009398       0x14 d:/program_file/mcuxpressoide_10.2.1_795/ide/tools/bin/../lib/gcc/arm-none-eabi/7.2.1/../../../../arm-none-eabi/lib/thumb/v7-m\libstdc++.a(stdexcept.o)
                0x00009398                vtable for std::logic_error
 .rodata._ZTVSt12length_error
                0x000093ac       0x14 d:/program_file/mcuxpressoide_10.2.1_795/ide/tools/bin/../lib/gcc/arm-none-eabi/7.2.1/../../../../arm-none-eabi/lib/thumb/v7-m\libstdc++.a(stdexcept.o)
                0x000093ac                vtable for std::length_error
 .rodata._ZNSs12_S_constructIPcEES0_T_S1_RKSaIcESt20forward_iterator_tag.str1.4
                0x000093c0       0x2a d:/program_file/mcuxpressoide_10.2.1_795/ide/tools/bin/../lib/gcc/arm-none-eabi/7.2.1/../../../../arm-none-eabi/lib/thumb/v7-m\libstdc++.a(cow-string-inst.o)
 *fill*         0x000093ea        0x2 ff
 .rodata._ZNSs4_Rep9_S_createEjjRKSaIcE.str1.4
                0x000093ec       0x18 d:/program_file/mcuxpressoide_10.2.1_795/ide/tools/bin/../lib/gcc/arm-none-eabi/7.2.1/../../../../arm-none-eabi/lib/thumb/v7-m\libstdc++.a(cow-string-inst.o)
 .rodata.log.str1.4
                0x00009404        0x8 d:/program_file/mcuxpressoide_10.2.1_795/ide/tools/bin/../lib/gcc/arm-none-eabi/7.2.1/../../../../arm-none-eabi/lib/thumb/v7-m\libm.a(lib_a-w_log.o)
                                  0x5 (size before relaxing)
                0x0000940c                . = ALIGN (0x4)
                0x0000940c                . = ALIGN (0x4)
 *(.init)
 .init          0x0000940c        0x4 d:/program_file/mcuxpressoide_10.2.1_795/ide/tools/bin/../lib/gcc/arm-none-eabi/7.2.1/thumb/v7-m\crti.o
                0x0000940c                _init
 .init          0x00009410        0x8 d:/program_file/mcuxpressoide_10.2.1_795/ide/tools/bin/../lib/gcc/arm-none-eabi/7.2.1/thumb/v7-m\crtn.o
                0x00009418                . = ALIGN (0x4)
                0x00009418                __preinit_array_start = .
 *(.preinit_array)
                0x00009418                __preinit_array_end = .
                0x00009418                . = ALIGN (0x4)
                0x00009418                __init_array_start = .
 *(SORT_BY_NAME(.init_array.*))
 *(.init_array)
 .init_array    0x00009418        0x4 d:/program_file/mcuxpressoide_10.2.1_795/ide/tools/bin/../lib/gcc/arm-none-eabi/7.2.1/../../../../arm-none-eabi/lib/thumb/v7-m\libstdc++.a(eh_alloc.o)
 .init_array    0x0000941c        0x4 d:/program_file/mcuxpressoide_10.2.1_795/ide/tools/bin/../lib/gcc/arm-none-eabi/7.2.1/thumb/v7-m\crtbegin.o
                0x00009420                __init_array_end = .
 *(.fini)
 .fini          0x00009420        0x4 d:/program_file/mcuxpressoide_10.2.1_795/ide/tools/bin/../lib/gcc/arm-none-eabi/7.2.1/thumb/v7-m\crti.o
                0x00009420                _fini
 .fini          0x00009424        0x8 d:/program_file/mcuxpressoide_10.2.1_795/ide/tools/bin/../lib/gcc/arm-none-eabi/7.2.1/thumb/v7-m\crtn.o
                0x0000942c                . = ALIGN (0x4)
 *crtbegin.o(.ctors)
 *(EXCLUDE_FILE(*crtend.o) .ctors)
 *(SORT_BY_NAME(.ctors.*))
 *crtend.o(.ctors)
                0x0000942c                . = ALIGN (0x4)
 *crtbegin.o(.dtors)
 *(EXCLUDE_FILE(*crtend.o) .dtors)
 *(SORT_BY_NAME(.dtors.*))